Archive member included to satisfy reference by file (symbol)

D:/STM32CubeIDE_1.16.0/STM32CubeIDE/plugins/com.st.stm32cube.ide.mcu.externaltools.gnu-tools-for-stm32.13.3.rel1.win32_1.0.0.202411081344/tools/bin/../lib/gcc/arm-none-eabi/13.3.1/../../../../arm-none-eabi/lib/thumb/v7-m/nofp\libc_nano.a(libc_a-exit.o)
                              D:/STM32CubeIDE_1.16.0/STM32CubeIDE/plugins/com.st.stm32cube.ide.mcu.externaltools.gnu-tools-for-stm32.13.3.rel1.win32_1.0.0.202411081344/tools/bin/../lib/gcc/arm-none-eabi/13.3.1/../../../../arm-none-eabi/lib/thumb/v7-m/nofp/crt0.o (exit)
D:/STM32CubeIDE_1.16.0/STM32CubeIDE/plugins/com.st.stm32cube.ide.mcu.externaltools.gnu-tools-for-stm32.13.3.rel1.win32_1.0.0.202411081344/tools/bin/../lib/gcc/arm-none-eabi/13.3.1/../../../../arm-none-eabi/lib/thumb/v7-m/nofp\libc_nano.a(libc_a-findfp.o)
                              ./Middlewares/Third_Party/FreeRTOS/Source/tasks.o (__sf)
D:/STM32CubeIDE_1.16.0/STM32CubeIDE/plugins/com.st.stm32cube.ide.mcu.externaltools.gnu-tools-for-stm32.13.3.rel1.win32_1.0.0.202411081344/tools/bin/../lib/gcc/arm-none-eabi/13.3.1/../../../../arm-none-eabi/lib/thumb/v7-m/nofp\libc_nano.a(libc_a-fwalk.o)
                              D:/STM32CubeIDE_1.16.0/STM32CubeIDE/plugins/com.st.stm32cube.ide.mcu.externaltools.gnu-tools-for-stm32.13.3.rel1.win32_1.0.0.202411081344/tools/bin/../lib/gcc/arm-none-eabi/13.3.1/../../../../arm-none-eabi/lib/thumb/v7-m/nofp\libc_nano.a(libc_a-findfp.o) (_fwalk_sglue)
D:/STM32CubeIDE_1.16.0/STM32CubeIDE/plugins/com.st.stm32cube.ide.mcu.externaltools.gnu-tools-for-stm32.13.3.rel1.win32_1.0.0.202411081344/tools/bin/../lib/gcc/arm-none-eabi/13.3.1/../../../../arm-none-eabi/lib/thumb/v7-m/nofp\libc_nano.a(libc_a-stdio.o)
                              D:/STM32CubeIDE_1.16.0/STM32CubeIDE/plugins/com.st.stm32cube.ide.mcu.externaltools.gnu-tools-for-stm32.13.3.rel1.win32_1.0.0.202411081344/tools/bin/../lib/gcc/arm-none-eabi/13.3.1/../../../../arm-none-eabi/lib/thumb/v7-m/nofp\libc_nano.a(libc_a-findfp.o) (__sread)
D:/STM32CubeIDE_1.16.0/STM32CubeIDE/plugins/com.st.stm32cube.ide.mcu.externaltools.gnu-tools-for-stm32.13.3.rel1.win32_1.0.0.202411081344/tools/bin/../lib/gcc/arm-none-eabi/13.3.1/../../../../arm-none-eabi/lib/thumb/v7-m/nofp\libc_nano.a(libc_a-vsnprintf.o)
                              ./Core/App/Src/app_uart.o (vsnprintf)
D:/STM32CubeIDE_1.16.0/STM32CubeIDE/plugins/com.st.stm32cube.ide.mcu.externaltools.gnu-tools-for-stm32.13.3.rel1.win32_1.0.0.202411081344/tools/bin/../lib/gcc/arm-none-eabi/13.3.1/../../../../arm-none-eabi/lib/thumb/v7-m/nofp\libc_nano.a(libc_a-memset.o)
                              D:/STM32CubeIDE_1.16.0/STM32CubeIDE/plugins/com.st.stm32cube.ide.mcu.externaltools.gnu-tools-for-stm32.13.3.rel1.win32_1.0.0.202411081344/tools/bin/../lib/gcc/arm-none-eabi/13.3.1/../../../../arm-none-eabi/lib/thumb/v7-m/nofp/crt0.o (memset)
D:/STM32CubeIDE_1.16.0/STM32CubeIDE/plugins/com.st.stm32cube.ide.mcu.externaltools.gnu-tools-for-stm32.13.3.rel1.win32_1.0.0.202411081344/tools/bin/../lib/gcc/arm-none-eabi/13.3.1/../../../../arm-none-eabi/lib/thumb/v7-m/nofp\libc_nano.a(libc_a-closer.o)
                              D:/STM32CubeIDE_1.16.0/STM32CubeIDE/plugins/com.st.stm32cube.ide.mcu.externaltools.gnu-tools-for-stm32.13.3.rel1.win32_1.0.0.202411081344/tools/bin/../lib/gcc/arm-none-eabi/13.3.1/../../../../arm-none-eabi/lib/thumb/v7-m/nofp\libc_nano.a(libc_a-stdio.o) (_close_r)
D:/STM32CubeIDE_1.16.0/STM32CubeIDE/plugins/com.st.stm32cube.ide.mcu.externaltools.gnu-tools-for-stm32.13.3.rel1.win32_1.0.0.202411081344/tools/bin/../lib/gcc/arm-none-eabi/13.3.1/../../../../arm-none-eabi/lib/thumb/v7-m/nofp\libc_nano.a(libc_a-reent.o)
                              ./Middlewares/Third_Party/FreeRTOS/Source/tasks.o (_reclaim_reent)
D:/STM32CubeIDE_1.16.0/STM32CubeIDE/plugins/com.st.stm32cube.ide.mcu.externaltools.gnu-tools-for-stm32.13.3.rel1.win32_1.0.0.202411081344/tools/bin/../lib/gcc/arm-none-eabi/13.3.1/../../../../arm-none-eabi/lib/thumb/v7-m/nofp\libc_nano.a(libc_a-impure.o)
                              ./Middlewares/Third_Party/FreeRTOS/Source/tasks.o (_impure_ptr)
D:/STM32CubeIDE_1.16.0/STM32CubeIDE/plugins/com.st.stm32cube.ide.mcu.externaltools.gnu-tools-for-stm32.13.3.rel1.win32_1.0.0.202411081344/tools/bin/../lib/gcc/arm-none-eabi/13.3.1/../../../../arm-none-eabi/lib/thumb/v7-m/nofp\libc_nano.a(libc_a-lseekr.o)
                              D:/STM32CubeIDE_1.16.0/STM32CubeIDE/plugins/com.st.stm32cube.ide.mcu.externaltools.gnu-tools-for-stm32.13.3.rel1.win32_1.0.0.202411081344/tools/bin/../lib/gcc/arm-none-eabi/13.3.1/../../../../arm-none-eabi/lib/thumb/v7-m/nofp\libc_nano.a(libc_a-stdio.o) (_lseek_r)
D:/STM32CubeIDE_1.16.0/STM32CubeIDE/plugins/com.st.stm32cube.ide.mcu.externaltools.gnu-tools-for-stm32.13.3.rel1.win32_1.0.0.202411081344/tools/bin/../lib/gcc/arm-none-eabi/13.3.1/../../../../arm-none-eabi/lib/thumb/v7-m/nofp\libc_nano.a(libc_a-readr.o)
[...]
Memory Configuration

Name             Origin             Length             Attributes
RAM              0x20000000         0x00005000         xrw
FLASH            0x08004000         0x0001c000         xr
*default*        0x00000000         0xffffffff

Linker script and memory map

LOAD D:/STM32CubeIDE_1.16.0/STM32CubeIDE/plugins/com.st.stm32cube.ide.mcu.externaltools.gnu-tools-for-stm32.13.3.rel1.win32_1.0.0.202411081344/tools/bin/../lib/gcc/arm-none-eabi/13.3.1/thumb/v7-m/nofp/crti.o
LOAD D:/STM32CubeIDE_1.16.0/STM32CubeIDE/plugins/com.st.stm32cube.ide.mcu.externaltools.gnu-tools-for-stm32.13.3.rel1.win32_1.0.0.202411081344/tools/bin/../lib/gcc/arm-none-eabi/13.3.1/thumb/v7-m/nofp/crtbegin.o
LOAD D:/STM32CubeIDE_1.16.0/STM32CubeIDE/plugins/com.st.stm32cube.ide.mcu.externaltools.gnu-tools-for-stm32.13.3.rel1.win32_1.0.0.202411081344/tools/bin/../lib/gcc/arm-none-eabi/13.3.1/../../../../arm-none-eabi/lib/thumb/v7-m/nofp/crt0.o
LOAD ./Core/App/Src/app_crc16.o
LOAD ./Core/App/Src/app_meta.o
LOAD ./Core/App/Src/app_proto.o
LOAD ./Core/App/Src/app_system.o
LOAD ./Core/App/Src/app_tasks.o
LOAD ./Core/App/Src/app_uart.o
LOAD ./Core/Src/app.o
LOAD ./Core/Src/freertos.o
LOAD ./Core/Src/stm32f1xx_hal_msp.o
LOAD ./Core/Src/stm32f1xx_hal_timebase_tim.o
LOAD ./Core/Src/stm32f1xx_it.o
LOAD ./Core/Src/syscalls.o
LOAD ./Core/Src/sysmem.o
LOAD ./Core/Src/system_stm32f1xx.o
LOAD ./Core/Startup/startup_stm32f103c8tx.o
LOAD ./Drivers/STM32F1xx_HAL_Driver/Src/stm32f1xx_hal.o
LOAD ./Drivers/STM32F1xx_HAL_Driver/Src/stm32f1xx_hal_cortex.o
LOAD ./Drivers/STM32F1xx_HAL_Driver/Src/stm32f1xx_hal_dma.o
LOAD ./Drivers/STM32F1xx_HAL_Driver/Src/stm32f1xx_hal_exti.o
LOAD ./Drivers/STM32F1xx_HAL_Driver/Src/stm32f1xx_hal_flash.o
LOAD ./Drivers/STM32F1xx_HAL_Driver/Src/stm32f1xx_hal_flash_ex.o
LOAD ./Drivers/STM32F1xx_HAL_Driver/Src/stm32f1xx_hal_gpio.o
LOAD ./Drivers/STM32F1xx_HAL_Driver/Src/stm32f1xx_hal_gpio_ex.o
LOAD ./Drivers/STM32F1xx_HAL_Driver/Src/stm32f1xx_hal_pwr.o
LOAD ./Drivers/STM32F1xx_HAL_Driver/Src/stm32f1xx_hal_rcc.o
LOAD ./Drivers/STM32F1xx_HAL_Driver/Src/stm32f1xx_hal_rcc_ex.o
LOAD ./Drivers/STM32F1xx_HAL_Driver/Src/stm32f1xx_hal_tim.o
LOAD ./Drivers/STM32F1xx_HAL_Driver/Src/stm32f1xx_hal_tim_ex.o
LOAD ./Middlewares/Third_Party/FreeRTOS/Source/CMSIS_RTOS/cmsis_os.o
LOAD ./Middlewares/Third_Party/FreeRTOS/Source/croutine.o
LOAD ./Middlewares/Third_Party/FreeRTOS/Source/event_groups.o
LOAD ./Middlewares/Third_Party/FreeRTOS/Source/list.o
LOAD ./Middlewares/Third_Party/FreeRTOS/Source/queue.o
LOAD ./Middlewares/Third_Party/FreeRTOS/Source/stream_buffer.o
LOAD ./Middlewares/Third_Party/FreeRTOS/Source/tasks.o
LOAD ./Middlewares/Third_Party/FreeRTOS/Source/timers.o
LOAD ./Middlewares/Third_Party/FreeRTOS/Source/portable/GCC/ARM_CM3/port.o
LOAD ./Middlewares/Third_Party/FreeRTOS/Source/portable/MemMang/heap_4.o
START GROUP
LOAD D:/STM32CubeIDE_1.16.0/STM32CubeIDE/plugins/com.st.stm32cube.ide.mcu.externaltools.gnu-tools-for-stm32.13.3.rel1.win32_1.0.0.202411081344/tools/bin/../lib/gcc/arm-none-eabi/13.3.1/../../../../arm-none-eabi/lib/thumb/v7-m/nofp\libc_nano.a
LOAD D:/STM32CubeIDE_1.16.0/STM32CubeIDE/plugins/com.st.stm32cube.ide.mcu.externaltools.gnu-tools-for-stm32.13.3.rel1.win32_1.0.0.202411081344/tools/bin/../lib/gcc/arm-none-eabi/13.3.1/../../../../arm-none-eabi/lib/thumb/v7-m/nofp\libm.a
END GROUP
START GROUP
LOAD D:/STM32CubeIDE_1.16.0/STM32CubeIDE/plugins/com.st.stm32cube.ide.mcu.externaltools.gnu-tools-for-stm32.13.3.rel1.win32_1.0.0.202411081344/tools/bin/../lib/gcc/arm-none-eabi/13.3.1/thumb/v7-m/nofp\libgcc.a
LOAD D:/STM32CubeIDE_1.16.0/STM32CubeIDE/plugins/com.st.stm32cube.ide.mcu.externaltools.gnu-tools-for-stm32.13.3.rel1.win32_1.0.0.202411081344/tools/bin/../lib/gcc/arm-none-eabi/13.3.1/../../../../arm-none-eabi/lib/thumb/v7-m/nofp\libc_nano.a
END GROUP
START GROUP
LOAD D:/STM32CubeIDE_1.16.0/STM32CubeIDE/plugins/com.st.stm32cube.ide.mcu.externaltools.gnu-tools-for-stm32.13.3.rel1.win32_1.0.0.202411081344/tools/bin/../lib/gcc/arm-none-eabi/13.3.1/thumb/v7-m/nofp\libgcc.a
LOAD D:/STM32CubeIDE_1.16.0/STM32CubeIDE/plugins/com.st.stm32cube.ide.mcu.externaltools.gnu-tools-for-stm32.13.3.rel1.win32_1.0.0.202411081344/tools/bin/../lib/gcc/arm-none-eabi/13.3.1/../../../../arm-none-eabi/lib/thumb/v7-m/nofp\libc_nano.a
LOAD D:/STM32CubeIDE_1.16.0/STM32CubeIDE/plugins/com.st.stm32cube.ide.mcu.externaltools.gnu-tools-for-stm32.13.3.rel1.win32_1.0.0.202411081344/tools/bin/../lib/gcc/arm-none-eabi/13.3.1/../../../../arm-none-eabi/lib/thumb/v7-m/nofp\libnosys.a
END GROUP
START GROUP
LOAD D:/STM32CubeIDE_1.16.0/STM32CubeIDE/plugins/com.st.stm32cube.ide.mcu.externaltools.gnu-tools-for-stm32.13.3.rel1.win32_1.0.0.202411081344/tools/bin/../lib/gcc/arm-none-eabi/13.3.1/thumb/v7-m/nofp\libgcc.a
LOAD D:/STM32CubeIDE_1.16.0/STM32CubeIDE/plugins/com.st.stm32cube.ide.mcu.externaltools.gnu-tools-for-stm32.13.3.rel1.win32_1.0.0.202411081344/tools/bin/../lib/gcc/arm-none-eabi/13.3.1/../../../../arm-none-eabi/lib/thumb/v7-m/nofp\libc_nano.a
LOAD D:/STM32CubeIDE_1.16.0/STM32CubeIDE/plugins/com.st.stm32cube.ide.mcu.externaltools.gnu-tools-for-stm32.13.3.rel1.win32_1.0.0.202411081344/tools/bin/../lib/gcc/arm-none-eabi/13.3.1/../../../../arm-none-eabi/lib/thumb/v7-m/nofp\libnosys.a
END GROUP
LOAD D:/STM32CubeIDE_1.16.0/STM32CubeIDE/plugins/com.st.stm32cube.ide.mcu.externaltools.gnu-tools-for-stm32.13.3.rel1.win32_1.0.0.202411081344/tools/bin/../lib/gcc/arm-none-eabi/13.3.1/thumb/v7-m/nofp/crtend.o
LOAD D:/STM32CubeIDE_1.16.0/STM32CubeIDE/plugins/com.st.stm32cube.ide.mcu.externaltools.gnu-tools-for-stm32.13.3.rel1.win32_1.0.0.202411081344/tools/bin/../lib/gcc/arm-none-eabi/13.3.1/thumb/v7-m/nofp/crtn.o
                0x20005000                        _estack = (ORIGIN (RAM) + LENGTH (RAM))
                0x00000200                        _Min_Heap_Size = 0x200
                0x00000400                        _Min_Stack_Size = 0x400

.isr_vector     0x08004000      0x10c
                0x08004000                        . = ALIGN (0x4)
 *(.isr_vector)
 .isr_vector    0x08004000      0x10c ./Core/Startup/startup_stm32f103c8tx.o
                0x08004000                g_pfnVectors
                0x0800410c                        . = ALIGN (0x4)

.text           0x08004110     0x3820
                0x08004110                        . = ALIGN (0x4)
 *(.text)
 .text          0x08004110       0x40 D:/STM32CubeIDE_1.16.0/STM32CubeIDE/plugins/com.st.stm32cube.ide.mcu.externaltools.gnu-tools-for-stm32.13.3.rel1.win32_1.0.0.202411081344/tools/bin/../lib/gcc/arm-none-eabi/13.3.1/thumb/v7-m/nofp/crtbegin.o
 *(.text*)
 .text.crc16_ccitt
                0x08004150       0x7e ./Core/App/Src/app_crc16.o
                0x08004150                crc16_ccitt
 *fill*         0x080041ce        0x2 
 .text.meta_request_boot
                0x080041d0      0x10c ./Core/App/Src/app_meta.o
                0x080041d0                meta_request_boot
 .text.__NVIC_SystemReset
                0x080042dc       0x2c ./Core/App/Src/app_proto.o
 .text.read_exact
                0x08004308       0x44 ./Core/App/Src/app_proto.o
 .text.send_ack
                0x0800434c       0x26 ./Core/App/Src/app_proto.o
 .text.send_nack
                0x08004372       0x26 ./Core/App/Src/app_proto.o
 .text.uart_cmd_task
                0x08004398      0x24c ./Core/App/Src/app_proto.o
                0x08004398                uart_cmd_task
 .text.clock_init
                0x080045e4       0xd4 ./Core/App/Src/app_system.o
 .text.System_Init
                0x080046b8       0x48 ./Core/App/Src/app_system.o
                0x080046b8                System_Init
 .text.relocate_vtor
                0x08004700       0x28 ./Core/App/Src/app_system.o
                0x08004700                relocate_vtor
 .text.app_tasks_preinit
                0x08004728       0x1c ./Core/App/Src/app_tasks.o
                0x08004728                app_tasks_preinit
 .text.blink_task
                0x08004744       0x24 ./Core/App/Src/app_tasks.o
                0x08004744                blink_task
 .text.logger_task
                0x08004768       0x30 ./Core/App/Src/app_tasks.o
                0x08004768                logger_task
 .text.producer_task
                0x08004798       0x38 ./Core/App/Src/app_tasks.o
                0x08004798                producer_task
 .text.consumer_task
                0x080047d0       0x3c ./Core/App/Src/app_tasks.o
                0x080047d0                consumer_task
 .text.__NVIC_EnableIRQ
                0x0800480c       0x38 ./Core/App/Src/app_uart.o
 .text.__NVIC_SetPriority
                0x08004844       0x54 ./Core/App/Src/app_uart.o
 .text.rb_pop   0x08004898       0x54 ./Core/App/Src/app_uart.o
 .text.rb_push  0x080048ec       0x64 ./Core/App/Src/app_uart.o
 .text.uart_gpio_init
                0x08004950       0xac ./Core/App/Src/app_uart.o
 .text.uart_setup
                0x080049fc       0x7c ./Core/App/Src/app_uart.o
 .text.uart_init
                0x08004a78       0x54 ./Core/App/Src/app_uart.o
                0x08004a78                uart_init
 .text.USART1_IRQHandler
                0x08004acc       0x30 ./Core/App/Src/app_uart.o
                0x08004acc                USART1_IRQHandler
 .text.uart1_write
                0x08004afc       0x48 ./Core/App/Src/app_uart.o
                0x08004afc                uart1_write
 .text.uart1_read_byte
                0x08004b44       0x60 ./Core/App/Src/app_uart.o
                0x08004b44                uart1_read_byte
 .text.uart3_write_byte
                0x08004ba4       0x2c ./Core/App/Src/app_uart.o
 .text.uart3_write_str
                0x08004bd0       0x2a ./Core/App/Src/app_uart.o
                0x08004bd0                uart3_write_str
 .text.log_printf
                0x08004bfa       0x3e ./Core/App/Src/app_uart.o
                0x08004bfa                log_printf
 .text.main     0x08004c38       0xb0 ./Core/Src/app.o
                0x08004c38                main
 .text.vApplicationGetIdleTaskMemory
                0x08004ce8       0x30 ./Core/Src/freertos.o
                0x08004ce8                vApplicationGetIdleTaskMemory
 .text.NMI_Handler
                0x08004d18        0x8 ./Core/Src/stm32f1xx_it.o
                0x08004d18                NMI_Handler
 .text.HardFault_Handler
                0x08004d20        0x8 ./Core/Src/stm32f1xx_it.o
                0x08004d20                HardFault_Handler
 .text.MemManage_Handler
                0x08004d28        0x8 ./Core/Src/stm32f1xx_it.o
                0x08004d28                MemManage_Handler
 .text.BusFault_Handler
                0x08004d30        0x8 ./Core/Src/stm32f1xx_it.o
                0x08004d30                BusFault_Handler
 .text.UsageFault_Handler
                0x08004d38        0x8 ./Core/Src/stm32f1xx_it.o
                0x08004d38                UsageFault_Handler
 .text.DebugMon_Handler
                0x08004d40        0xc ./Core/Src/stm32f1xx_it.o
                0x08004d40                DebugMon_Handler
 .text.TIM4_IRQHandler
                0x08004d4c       0x14 ./Core/Src/stm32f1xx_it.o
                0x08004d4c                TIM4_IRQHandler
 .text._sbrk    0x08004d60       0x6c ./Core/Src/sysmem.o
                0x08004d60                _sbrk
 .text.SystemInit
                0x08004dcc        0xc ./Core/Src/system_stm32f1xx.o
                0x08004dcc                SystemInit
 .text.Reset_Handler
                0x08004dd8       0x48 ./Core/Startup/startup_stm32f103c8tx.o
                0x08004dd8                Reset_Handler
 .text.Default_Handler
                0x08004e20        0x2 ./Core/Startup/startup_stm32f103c8tx.o
                0x08004e20                RTC_Alarm_IRQHandler
                0x08004e20                EXTI2_IRQHandler
                0x08004e20                TIM1_CC_IRQHandler
                0x08004e20                PVD_IRQHandler
                0x08004e20                EXTI3_IRQHandler
                0x08004e20                EXTI0_IRQHandler
                0x08004e20                I2C2_EV_IRQHandler
                0x08004e20                ADC1_2_IRQHandler
                0x08004e20                SPI1_IRQHandler
                0x08004e20                TAMPER_IRQHandler
                0x08004e20                DMA1_Channel4_IRQHandler
                0x08004e20                USART3_IRQHandler
                0x08004e20                RTC_IRQHandler
                0x08004e20                DMA1_Channel7_IRQHandler
                0x08004e20                CAN1_RX1_IRQHandler
                0x08004e20                I2C1_EV_IRQHandler
                0x08004e20                DMA1_Channel6_IRQHandler
                0x08004e20                TIM3_IRQHandler
                0x08004e20                RCC_IRQHandler
                0x08004e20                TIM1_TRG_COM_IRQHandler
                0x08004e20                DMA1_Channel1_IRQHandler
                0x08004e20                Default_Handler
                0x08004e20                EXTI15_10_IRQHandler
                0x08004e20                EXTI9_5_IRQHandler
                0x08004e20                SPI2_IRQHandler
                0x08004e20                DMA1_Channel5_IRQHandler
                0x08004e20                EXTI4_IRQHandler
                0x08004e20                USB_LP_CAN1_RX0_IRQHandler
                0x08004e20                USB_HP_CAN1_TX_IRQHandler
                0x08004e20                DMA1_Channel3_IRQHandler
                0x08004e20                TIM1_UP_IRQHandler
                0x08004e20                WWDG_IRQHandler
                0x08004e20                TIM2_IRQHandler
                0x08004e20                TIM1_BRK_IRQHandler
                0x08004e20                EXTI1_IRQHandler
                0x08004e20                USART2_IRQHandler
                0x08004e20                I2C2_ER_IRQHandler
                0x08004e20                DMA1_Channel2_IRQHandler
                0x08004e20                CAN1_SCE_IRQHandler
                0x08004e20                FLASH_IRQHandler
                0x08004e20                I2C1_ER_IRQHandler
                0x08004e20                USBWakeUp_IRQHandler
 .text.HAL_TIM_IRQHandler
                0x08004e22      0x1e0 ./Drivers/STM32F1xx_HAL_Driver/Src/stm32f1xx_hal_tim.o
                0x08004e22                HAL_TIM_IRQHandler
 .text.HAL_TIM_PeriodElapsedCallback
                0x08005002       0x12 ./Drivers/STM32F1xx_HAL_Driver/Src/stm32f1xx_hal_tim.o
                0x08005002                HAL_TIM_PeriodElapsedCallback
 .text.HAL_TIM_OC_DelayElapsedCallback
                0x08005014       0x12 ./Drivers/STM32F1xx_HAL_Driver/Src/stm32f1xx_hal_tim.o
                0x08005014                HAL_TIM_OC_DelayElapsedCallback
 .text.HAL_TIM_IC_CaptureCallback
                0x08005026       0x12 ./Drivers/STM32F1xx_HAL_Driver/Src/stm32f1xx_hal_tim.o
                0x08005026                HAL_TIM_IC_CaptureCallback
 .text.HAL_TIM_PWM_PulseFinishedCallback
                0x08005038       0x12 ./Drivers/STM32F1xx_HAL_Driver/Src/stm32f1xx_hal_tim.o
                0x08005038                HAL_TIM_PWM_PulseFinishedCallback
 .text.HAL_TIM_TriggerCallback
                0x0800504a       0x12 ./Drivers/STM32F1xx_HAL_Driver/Src/stm32f1xx_hal_tim.o
                0x0800504a                HAL_TIM_TriggerCallback
 .text.HAL_TIMEx_CommutCallback
                0x0800505c       0x12 ./Drivers/STM32F1xx_HAL_Driver/Src/stm32f1xx_hal_tim_ex.o
                0x0800505c                HAL_TIMEx_CommutCallback
 .text.HAL_TIMEx_BreakCallback
                0x0800506e       0x12 ./Drivers/STM32F1xx_HAL_Driver/Src/stm32f1xx_hal_tim_ex.o
                0x0800506e                HAL_TIMEx_BreakCallback
 .text.vListInitialise
                0x08005080       0x3e ./Middlewares/Third_Party/FreeRTOS/Source/list.o
                0x08005080                vListInitialise
 .text.vListInitialiseItem
                0x080050be       0x18 ./Middlewares/Third_Party/FreeRTOS/Source/list.o
                0x080050be                vListInitialiseItem
 .text.vListInsertEnd
                0x080050d6       0x46 ./Middlewares/Third_Party/FreeRTOS/Source/list.o
                0x080050d6                vListInsertEnd
 .text.vListInsert
                0x0800511c       0x70 ./Middlewares/Third_Party/FreeRTOS/Source/list.o
                0x0800511c                vListInsert
 .text.uxListRemove
                0x0800518c       0x52 ./Middlewares/Third_Party/FreeRTOS/Source/list.o
                0x0800518c                uxListRemove
 *fill*         0x080051de        0x2 
 .text.xQueueGenericReset
                0x080051e0       0xd4 ./Middlewares/Third_Party/FreeRTOS/Source/queue.o
                0x080051e0                xQueueGenericReset
 .text.xQueueGenericCreate
                0x080052b4       0x76 ./Middlewares/Third_Party/FreeRTOS/Source/queue.o
                0x080052b4                xQueueGenericCreate
 .text.prvInitialiseNewQueue
                0x0800532a       0x3e ./Middlewares/Third_Party/FreeRTOS/Source/queue.o
 .text.xQueueGenericSend
                0x08005368      0x204 ./Middlewares/Third_Party/FreeRTOS/Source/queue.o
                0x08005368                xQueueGenericSend
 .text.xQueueReceive
                0x0800556c      0x1c4 ./Middlewares/Third_Party/FreeRTOS/Source/queue.o
                0x0800556c                xQueueReceive
 .text.prvCopyDataToQueue
                0x08005730       0xd4 ./Middlewares/Third_Party/FreeRTOS/Source/queue.o
 .text.prvCopyDataFromQueue
                0x08005804       0x4c ./Middlewares/Third_Party/FreeRTOS/Source/queue.o
 .text.prvUnlockQueue
                0x08005850       0xa4 ./Middlewares/Third_Party/FreeRTOS/Source/queue.o
 .text.prvIsQueueEmpty
                0x080058f4       0x2c ./Middlewares/Third_Party/FreeRTOS/Source/queue.o
 .text.prvIsQueueFull
                0x08005920       0x30 ./Middlewares/Third_Party/FreeRTOS/Source/queue.o
 .text.xTaskCreateStatic
                0x08005950       0xc0 ./Middlewares/Third_Party/FreeRTOS/Source/tasks.o
                0x08005950                xTaskCreateStatic
 .text.xTaskCreate
                0x08005a10       0x8a ./Middlewares/Third_Party/FreeRTOS/Source/tasks.o
                0x08005a10                xTaskCreate
 *fill*         0x08005a9a        0x2 
 .text.prvInitialiseNewTask
                0x08005a9c      0x140 ./Middlewares/Third_Party/FreeRTOS/Source/tasks.o
 .text.prvAddNewTaskToReadyList
                0x08005bdc       0xd4 ./Middlewares/Third_Party/FreeRTOS/Source/tasks.o
 .text.vTaskDelay
                0x08005cb0       0x6c ./Middlewares/Third_Party/FreeRTOS/Source/tasks.o
                0x08005cb0                vTaskDelay
 .text.vTaskStartScheduler
                0x08005d1c       0xd4 ./Middlewares/Third_Party/FreeRTOS/Source/tasks.o
                0x08005d1c                vTaskStartScheduler
 .text.vTaskSuspendAll
                0x08005df0       0x1c ./Middlewares/Third_Party/FreeRTOS/Source/tasks.o
                0x08005df0                vTaskSuspendAll
 .text.xTaskResumeAll
                0x08005e0c      0x13c ./Middlewares/Third_Party/FreeRTOS/Source/tasks.o
                0x08005e0c                xTaskResumeAll
 .text.xTaskGetTickCount
                0x08005f48       0x1c ./Middlewares/Third_Party/FreeRTOS/Source/tasks.o
                0x08005f48                xTaskGetTickCount
 .text.xTaskIncrementTick
                0x08005f64      0x174 ./Middlewares/Third_Party/FreeRTOS/Source/tasks.o
                0x08005f64                xTaskIncrementTick
 .text.vTaskSwitchContext
                0x080060d8       0xc4 ./Middlewares/Third_Party/FreeRTOS/Source/tasks.o
                0x080060d8                vTaskSwitchContext
 .text.vTaskPlaceOnEventList
                0x0800619c       0x4c ./Middlewares/Third_Party/FreeRTOS/Source/tasks.o
                0x0800619c                vTaskPlaceOnEventList
 .text.xTaskRemoveFromEventList
                0x080061e8       0xc8 ./Middlewares/Third_Party/FreeRTOS/Source/tasks.o
                0x080061e8                xTaskRemoveFromEventList
 .text.vTaskInternalSetTimeOutState
                0x080062b0       0x2c ./Middlewares/Third_Party/FreeRTOS/Source/tasks.o
                0x080062b0                vTaskInternalSetTimeOutState
 .text.xTaskCheckForTimeOut
                0x080062dc       0xc8 ./Middlewares/Third_Party/FreeRTOS/Source/tasks.o
                0x080062dc                xTaskCheckForTimeOut
 .text.vTaskMissedYield
                0x080063a4       0x18 ./Middlewares/Third_Party/FreeRTOS/Source/tasks.o
                0x080063a4                vTaskMissedYield
 .text.prvIdleTask
                0x080063bc       0x30 ./Middlewares/Third_Party/FreeRTOS/Source/tasks.o
 .text.prvInitialiseTaskLists
                0x080063ec       0x80 ./Middlewares/Third_Party/FreeRTOS/Source/tasks.o
 .text.prvCheckTasksWaitingTermination
                0x0800646c       0x5c ./Middlewares/Third_Party/FreeRTOS/Source/tasks.o
 .text.prvDeleteTCB
                0x080064c8       0x6a ./Middlewares/Third_Party/FreeRTOS/Source/tasks.o
 *fill*         0x08006532        0x2 
 .text.prvResetNextTaskUnblockTime
                0x08006534       0x40 ./Middlewares/Third_Party/FreeRTOS/Source/tasks.o
 .text.xTaskGetSchedulerState
                0x08006574       0x3c ./Middlewares/Third_Party/FreeRTOS/Source/tasks.o
                0x08006574                xTaskGetSchedulerState
 .text.xTaskPriorityDisinherit
                0x080065b0      0x110 ./Middlewares/Third_Party/FreeRTOS/Source/tasks.o
                0x080065b0                xTaskPriorityDisinherit
 .text.prvAddCurrentTaskToDelayedList
                0x080066c0       0xcc ./Middlewares/Third_Party/FreeRTOS/Source/tasks.o
 .text.pxPortInitialiseStack
                0x0800678c       0x58 ./Middlewares/Third_Party/FreeRTOS/Source/portable/GCC/ARM_CM3/port.o
                0x0800678c                pxPortInitialiseStack
 .text.prvTaskExitError
                0x080067e4       0x58 ./Middlewares/Third_Party/FreeRTOS/Source/portable/GCC/ARM_CM3/port.o
 *fill*         0x0800683c        0x4 
 .text.SVC_Handler
                0x08006840       0x28 ./Middlewares/Third_Party/FreeRTOS/Source/portable/GCC/ARM_CM3/port.o
                0x08006840                SVC_Handler
 .text.prvPortStartFirstTask
                0x08006868       0x20 ./Middlewares/Third_Party/FreeRTOS/Source/portable/GCC/ARM_CM3/port.o
 .text.xPortStartScheduler
                0x08006888       0xe4 ./Middlewares/Third_Party/FreeRTOS/Source/portable/GCC/ARM_CM3/port.o
                0x08006888                xPortStartScheduler
 .text.vPortEnterCritical
                0x0800696c       0x60 ./Middlewares/Third_Party/FreeRTOS/Source/portable/GCC/ARM_CM3/port.o
                0x0800696c                vPortEnterCritical
 .text.vPortExitCritical
                0x080069cc       0x54 ./Middlewares/Third_Party/FreeRTOS/Source/portable/GCC/ARM_CM3/port.o
                0x080069cc                vPortExitCritical
 .text.PendSV_Handler
                0x08006a20       0x48 ./Middlewares/Third_Party/FreeRTOS/Source/portable/GCC/ARM_CM3/port.o
                0x08006a20                PendSV_Handler
 .text.SysTick_Handler
                0x08006a68       0x44 ./Middlewares/Third_Party/FreeRTOS/Source/portable/GCC/ARM_CM3/port.o
                0x08006a68                SysTick_Handler
 .text.vPortSetupTimerInterrupt
                0x08006aac       0x44 ./Middlewares/Third_Party/FreeRTOS/Source/portable/GCC/ARM_CM3/port.o
                0x08006aac                vPortSetupTimerInterrupt
 .text.pvPortMalloc
                0x08006af0      0x19c ./Middlewares/Third_Party/FreeRTOS/Source/portable/MemMang/heap_4.o
                0x08006af0                pvPortMalloc
 .text.vPortFree
                0x08006c8c       0xc8 ./Middlewares/Third_Party/FreeRTOS/Source/portable/MemMang/heap_4.o
                0x08006c8c                vPortFree
 .text.prvHeapInit
                0x08006d54       0xc4 ./Middlewares/Third_Party/FreeRTOS/Source/portable/MemMang/heap_4.o
 .text.prvInsertBlockIntoFreeList
                0x08006e18       0xb0 ./Middlewares/Third_Party/FreeRTOS/Source/portable/MemMang/heap_4.o
 .text._vsnprintf_r
                0x08006ec8       0x5c D:/STM32CubeIDE_1.16.0/STM32CubeIDE/plugins/com.st.stm32cube.ide.mcu.externaltools.gnu-tools-for-stm32.13.3.rel1.win32_1.0.0.202411081344/tools/bin/../lib/gcc/arm-none-eabi/13.3.1/../../../../arm-none-eabi/lib/thumb/v7-m/nofp\libc_nano.a(libc_a-vsnprintf.o)
                0x08006ec8                _vsniprintf_r
                0x08006ec8                _vsnprintf_r
 .text.vsnprintf
                0x08006f24       0x1c D:/STM32CubeIDE_1.16.0/STM32CubeIDE/plugins/com.st.stm32cube.ide.mcu.externaltools.gnu-tools-for-stm32.13.3.rel1.win32_1.0.0.202411081344/tools/bin/../lib/gcc/arm-none-eabi/13.3.1/../../../../arm-none-eabi/lib/thumb/v7-m/nofp\libc_nano.a(libc_a-vsnprintf.o)
                0x08006f24                vsniprintf
                0x08006f24                vsnprintf
 .text.memset   0x08006f40       0x10 D:/STM32CubeIDE_1.16.0/STM32CubeIDE/plugins/com.st.stm32cube.ide.mcu.externaltools.gnu-tools-for-stm32.13.3.rel1.win32_1.0.0.202411081344/tools/bin/../lib/gcc/arm-none-eabi/13.3.1/../../../../arm-none-eabi/lib/thumb/v7-m/nofp\libc_nano.a(libc_a-memset.o)
                0x08006f40                memset
 .text._reclaim_reent
                0x08006f50       0xbc D:/STM32CubeIDE_1.16.0/STM32CubeIDE/plugins/com.st.stm32cube.ide.mcu.externaltools.gnu-tools-for-stm32.13.3.rel1.win32_1.0.0.202411081344/tools/bin/../lib/gcc/arm-none-eabi/13.3.1/../../../../arm-none-eabi/lib/thumb/v7-m/nofp\libc_nano.a(libc_a-reent.o)
                0x08006f50                _reclaim_reent
 .text.__errno  0x0800700c        0xc D:/STM32CubeIDE_1.16.0/STM32CubeIDE/plugins/com.st.stm32cube.ide.mcu.externaltools.gnu-tools-for-stm32.13.3.rel1.win32_1.0.0.202411081344/tools/bin/../lib/gcc/arm-none-eabi/13.3.1/../../../../arm-none-eabi/lib/thumb/v7-m/nofp\libc_nano.a(libc_a-errno.o)
                0x0800700c                __errno
 .text.__libc_init_array
                0x08007018       0x48 D:/STM32CubeIDE_1.16.0/STM32CubeIDE/plugins/com.st.stm32cube.ide.mcu.externaltools.gnu-tools-for-stm32.13.3.rel1.win32_1.0.0.202411081344/tools/bin/../lib/gcc/arm-none-eabi/13.3.1/../../../../arm-none-eabi/lib/thumb/v7-m/nofp\libc_nano.a(libc_a-init.o)
                0x08007018                __libc_init_array
 .text.__retarget_lock_acquire_recursive
                0x08007060        0x2 D:/STM32CubeIDE_1.16.0/STM32CubeIDE/plugins/com.st.stm32cube.ide.mcu.externaltools.gnu-tools-for-stm32.13.3.rel1.win32_1.0.0.202411081344/tools/bin/../lib/gcc/arm-none-eabi/13.3.1/../../../../arm-none-eabi/lib/thumb/v7-m/nofp\libc_nano.a(libc_a-lock.o)
                0x08007060                __retarget_lock_acquire_recursive
 .text.__retarget_lock_release_recursive
                0x08007062        0x2 D:/STM32CubeIDE_1.16.0/STM32CubeIDE/plugins/com.st.stm32cube.ide.mcu.externaltools.gnu-tools-for-stm32.13.3.rel1.win32_1.0.0.202411081344/tools/bin/../lib/gcc/arm-none-eabi/13.3.1/../../../../arm-none-eabi/lib/thumb/v7-m/nofp\libc_nano.a(libc_a-lock.o)
                0x08007062                __retarget_lock_release_recursive
 .text.memcpy   0x08007064       0x1c D:/STM32CubeIDE_1.16.0/STM32CubeIDE/plugins/com.st.stm32cube.ide.mcu.externaltools.gnu-tools-for-stm32.13.3.rel1.win32_1.0.0.202411081344/tools/bin/../lib/gcc/arm-none-eabi/13.3.1/../../../../arm-none-eabi/lib/thumb/v7-m/nofp\libc_nano.a(libc_a-memcpy-stub.o)
                0x08007064                memcpy
 .text._free_r  0x08007080       0x90 D:/STM32CubeIDE_1.16.0/STM32CubeIDE/plugins/com.st.stm32cube.ide.mcu.externaltools.gnu-tools-for-stm32.13.3.rel1.win32_1.0.0.202411081344/tools/bin/../lib/gcc/arm-none-eabi/13.3.1/../../../../arm-none-eabi/lib/thumb/v7-m/nofp\libc_nano.a(libc_a-freer.o)
                0x08007080                _free_r
 .text.sbrk_aligned
                0x08007110       0x44 D:/STM32CubeIDE_1.16.0/STM32CubeIDE/plugins/com.st.stm32cube.ide.mcu.externaltools.gnu-tools-for-stm32.13.3.rel1.win32_1.0.0.202411081344/tools/bin/../lib/gcc/arm-none-eabi/13.3.1/../../../../arm-none-eabi/lib/thumb/v7-m/nofp\libc_nano.a(libc_a-mallocr.o)
 .text._malloc_r
                0x08007154      0x100 D:/STM32CubeIDE_1.16.0/STM32CubeIDE/plugins/com.st.stm32cube.ide.mcu.externaltools.gnu-tools-for-stm32.13.3.rel1.win32_1.0.0.202411081344/tools/bin/../lib/gcc/arm-none-eabi/13.3.1/../../../../arm-none-eabi/lib/thumb/v7-m/nofp\libc_nano.a(libc_a-mallocr.o)
                0x08007154                _malloc_r
 .text.__malloc_lock
                0x08007254        0xc D:/STM32CubeIDE_1.16.0/STM32CubeIDE/plugins/com.st.stm32cube.ide.mcu.externaltools.gnu-tools-for-stm32.13.3.rel1.win32_1.0.0.202411081344/tools/bin/../lib/gcc/arm-none-eabi/13.3.1/../../../../arm-none-eabi/lib/thumb/v7-m/nofp\libc_nano.a(libc_a-mlock.o)
                0x08007254                __malloc_lock
 .text.__malloc_unlock
                0x08007260        0xc D:/STM32CubeIDE_1.16.0/STM32CubeIDE/plugins/com.st.stm32cube.ide.mcu.externaltools.gnu-tools-for-stm32.13.3.rel1.win32_1.0.0.202411081344/tools/bin/../lib/gcc/arm-none-eabi/13.3.1/../../../../arm-none-eabi/lib/thumb/v7-m/nofp\libc_nano.a(libc_a-mlock.o)
                0x08007260                __malloc_unlock
 .text.__ssputs_r
                0x0800726c       0xb6 D:/STM32CubeIDE_1.16.0/STM32CubeIDE/plugins/com.st.stm32cube.ide.mcu.externaltools.gnu-tools-for-stm32.13.3.rel1.win32_1.0.0.202411081344/tools/bin/../lib/gcc/arm-none-eabi/13.3.1/../../../../arm-none-eabi/lib/thumb/v7-m/nofp\libc_nano.a(libc_a-nano-svfprintf.o)
                0x0800726c                __ssputs_r
 *fill*         0x08007322        0x2 
 .text._svfprintf_r
                0x08007324      0x1f8 D:/STM32CubeIDE_1.16.0/STM32CubeIDE/plugins/com.st.stm32cube.ide.mcu.externaltools.gnu-tools-for-stm32.13.3.rel1.win32_1.0.0.202411081344/tools/bin/../lib/gcc/arm-none-eabi/13.3.1/../../../../arm-none-eabi/lib/thumb/v7-m/nofp\libc_nano.a(libc_a-nano-svfprintf.o)
                0x08007324                _svfiprintf_r
                0x08007324                _svfprintf_r
 .text._printf_common
                0x0800751c       0xe4 D:/STM32CubeIDE_1.16.0/STM32CubeIDE/plugins/com.st.stm32cube.ide.mcu.externaltools.gnu-tools-for-stm32.13.3.rel1.win32_1.0.0.202411081344/tools/bin/../lib/gcc/arm-none-eabi/13.3.1/../../../../arm-none-eabi/lib/thumb/v7-m/nofp\libc_nano.a(libc_a-nano-vfprintf_i.o)
                0x0800751c                _printf_common
 .text._printf_i
                0x08007600      0x23c D:/STM32CubeIDE_1.16.0/STM32CubeIDE/plugins/com.st.stm32cube.ide.mcu.externaltools.gnu-tools-for-stm32.13.3.rel1.win32_1.0.0.202411081344/tools/bin/../lib/gcc/arm-none-eabi/13.3.1/../../../../arm-none-eabi/lib/thumb/v7-m/nofp\libc_nano.a(libc_a-nano-vfprintf_i.o)
                0x08007600                _printf_i
 .text.memmove  0x0800783c       0x34 D:/STM32CubeIDE_1.16.0/STM32CubeIDE/plugins/com.st.stm32cube.ide.mcu.externaltools.gnu-tools-for-stm32.13.3.rel1.win32_1.0.0.202411081344/tools/bin/../lib/gcc/arm-none-eabi/13.3.1/../../../../arm-none-eabi/lib/thumb/v7-m/nofp\libc_nano.a(libc_a-memmove.o)
                0x0800783c                memmove
 .text._sbrk_r  0x08007870       0x20 D:/STM32CubeIDE_1.16.0/STM32CubeIDE/plugins/com.st.stm32cube.ide.mcu.externaltools.gnu-tools-for-stm32.13.3.rel1.win32_1.0.0.202411081344/tools/bin/../lib/gcc/arm-none-eabi/13.3.1/../../../../arm-none-eabi/lib/thumb/v7-m/nofp\libc_nano.a(libc_a-sbrkr.o)
                0x08007870                _sbrk_r
 .text.memchr   0x08007890       0x1c D:/STM32CubeIDE_1.16.0/STM32CubeIDE/plugins/com.st.stm32cube.ide.mcu.externaltools.gnu-tools-for-stm32.13.3.rel1.win32_1.0.0.202411081344/tools/bin/../lib/gcc/arm-none-eabi/13.3.1/../../../../arm-none-eabi/lib/thumb/v7-m/nofp\libc_nano.a(libc_a-memchr-stub.o)
                0x08007890                memchr
 .text._realloc_r
                0x080078ac       0x5c D:/STM32CubeIDE_1.16.0/STM32CubeIDE/plugins/com.st.stm32cube.ide.mcu.externaltools.gnu-tools-for-stm32.13.3.rel1.win32_1.0.0.202411081344/tools/bin/../lib/gcc/arm-none-eabi/13.3.1/../../../../arm-none-eabi/lib/thumb/v7-m/nofp\libc_nano.a(libc_a-reallocr.o)
                0x080078ac                _realloc_r
 .text._malloc_usable_size_r
                0x08007908       0x10 D:/STM32CubeIDE_1.16.0/STM32CubeIDE/plugins/com.st.stm32cube.ide.mcu.externaltools.gnu-tools-for-stm32.13.3.rel1.win32_1.0.0.202411081344/tools/bin/../lib/gcc/arm-none-eabi/13.3.1/../../../../arm-none-eabi/lib/thumb/v7-m/nofp\libc_nano.a(libc_a-msizer.o)
                0x08007908                _malloc_usable_size_r
 *(.glue_7)
 .glue_7        0x08007918        0x0 linker stubs
 *(.glue_7t)
 .glue_7t       0x08007918        0x0 linker stubs
 *(.eh_frame)
 .eh_frame      0x08007918        0x0 D:/STM32CubeIDE_1.16.0/STM32CubeIDE/plugins/com.st.stm32cube.ide.mcu.externaltools.gnu-tools-for-stm32.13.3.rel1.win32_1.0.0.202411081344/tools/bin/../lib/gcc/arm-none-eabi/13.3.1/thumb/v7-m/nofp/crtbegin.o
 *(.init)
 .init          0x08007918        0x4 D:/STM32CubeIDE_1.16.0/STM32CubeIDE/plugins/com.st.stm32cube.ide.mcu.externaltools.gnu-tools-for-stm32.13.3.rel1.win32_1.0.0.202411081344/tools/bin/../lib/gcc/arm-none-eabi/13.3.1/thumb/v7-m/nofp/crti.o
                0x08007918                _init
 .init          0x0800791c        0x8 D:/STM32CubeIDE_1.16.0/STM32CubeIDE/plugins/com.st.stm32cube.ide.mcu.externaltools.gnu-tools-for-stm32.13.3.rel1.win32_1.0.0.202411081344/tools/bin/../lib/gcc/arm-none-eabi/13.3.1/thumb/v7-m/nofp/crtn.o
 *(.fini)
 .fini          0x08007924        0x4 D:/STM32CubeIDE_1.16.0/STM32CubeIDE/plugins/com.st.stm32cube.ide.mcu.externaltools.gnu-tools-for-stm32.13.3.rel1.win32_1.0.0.202411081344/tools/bin/../lib/gcc/arm-none-eabi/13.3.1/thumb/v7-m/nofp/crti.o
                0x08007924                _fini
 .fini          0x08007928        0x8 D:/STM32CubeIDE_1.16.0/STM32CubeIDE/plugins/com.st.stm32cube.ide.mcu.externaltools.gnu-tools-for-stm32.13.3.rel1.win32_1.0.0.202411081344/tools/bin/../lib/gcc/arm-none-eabi/13.3.1/thumb/v7-m/nofp/crtn.o
                0x08007930                        . = ALIGN (0x4)
                0x08007930                        _etext = .

.vfp11_veneer   0x08007930        0x0
 .vfp11_veneer  0x08007930        0x0 linker stubs

.v4_bx          0x08007930        0x0
 .v4_bx         0x08007930        0x0 linker stubs

.iplt           0x08007930        0x0
 .iplt          0x08007930        0x0 D:/STM32CubeIDE_1.16.0/STM32CubeIDE/plugins/com.st.stm32cube.ide.mcu.externaltools.gnu-tools-for-stm32.13.3.rel1.win32_1.0.0.202411081344/tools/bin/../lib/gcc/arm-none-eabi/13.3.1/thumb/v7-m/nofp/crtbegin.o

.rodata         0x08007930       0xdc
                0x08007930                        . = ALIGN (0x4)
 *(.rodata)
 .rodata        0x08007930       0x50 ./Core/App/Src/app_proto.o
 .rodata        0x08007980       0x29 ./Core/App/Src/app_tasks.o
 *fill*         0x080079a9        0x3 
 .rodata        0x080079ac       0x25 ./Core/Src/app.o
 *fill*         0x080079d1        0x3 
 .rodata        0x080079d4        0x5 ./Middlewares/Third_Party/FreeRTOS/Source/tasks.o
 *(.rodata*)
 .rodata._svfprintf_r.str1.1
                0x080079d9       0x33 D:/STM32CubeIDE_1.16.0/STM32CubeIDE/plugins/com.st.stm32cube.ide.mcu.externaltools.gnu-tools-for-stm32.13.3.rel1.win32_1.0.0.202411081344/tools/bin/../lib/gcc/arm-none-eabi/13.3.1/../../../../arm-none-eabi/lib/thumb/v7-m/nofp\libc_nano.a(libc_a-nano-svfprintf.o)
                                 0x11 (size before relaxing)
 .rodata._printf_i.str1.1
                0x08007a0c       0x22 D:/STM32CubeIDE_1.16.0/STM32CubeIDE/plugins/com.st.stm32cube.ide.mcu.externaltools.gnu-tools-for-stm32.13.3.rel1.win32_1.0.0.202411081344/tools/bin/../lib/gcc/arm-none-eabi/13.3.1/../../../../arm-none-eabi/lib/thumb/v7-m/nofp\libc_nano.a(libc_a-nano-vfprintf_i.o)
                0x08007a30                        . = ALIGN (0x4)

.ARM.extab      0x08007a0c        0x0
                0x08007a0c                        . = ALIGN (0x4)
 *(.ARM.extab* .gnu.linkonce.armextab.*)
                0x08007a0c                        . = ALIGN (0x4)

.ARM            0x08007a0c        0x0
                0x08007a0c                        . = ALIGN (0x4)
                0x08007a0c                        __exidx_start = .
 *(.ARM.exidx*)
                0x08007a0c                        __exidx_end = .
                0x08007a0c                        . = ALIGN (0x4)

.preinit_array  0x08007a0c        0x0
                0x08007a0c                        . = ALIGN (0x4)
                0x08007a0c                        PROVIDE (__preinit_array_start = .)
 *(.preinit_array*)
                0x08007a0c                        PROVIDE (__preinit_array_end = .)
                0x08007a0c                        . = ALIGN (0x4)

.init_array     0x08007a0c        0x4
                0x08007a0c                        . = ALIGN (0x4)
                0x08007a0c                        PROVIDE (__init_array_start = .)
 *(SORT_BY_NAME(.init_array.*))
 *(.init_array*)
 .init_array    0x08007a0c        0x4 D:/STM32CubeIDE_1.16.0/STM32CubeIDE/plugins/com.st.stm32cube.ide.mcu.externaltools.gnu-tools-for-stm32.13.3.rel1.win32_1.0.0.202411081344/tools/bin/../lib/gcc/arm-none-eabi/13.3.1/thumb/v7-m/nofp/crtbegin.o
                0x08007a10                        PROVIDE (__init_array_end = .)
                0x08007a10                        . = ALIGN (0x4)

.fini_array     0x08007a10        0x4
                0x08007a10                        . = ALIGN (0x4)
                [!provide]                        PROVIDE (__fini_array_start = .)
 *(SORT_BY_NAME(.fini_array.*))
 *(.fini_array*)
 .fini_array    0x08007a10        0x4 D:/STM32CubeIDE_1.16.0/STM32CubeIDE/plugins/com.st.stm32cube.ide.mcu.externaltools.gnu-tools-for-stm32.13.3.rel1.win32_1.0.0.202411081344/tools/bin/../lib/gcc/arm-none-eabi/13.3.1/thumb/v7-m/nofp/crtbegin.o
                [!provide]                        PROVIDE (__fini_array_end = .)
                0x08007a14                        . = ALIGN (0x4)
                0x08007a14                        _sidata = LOADADDR (.data)

.rel.dyn        0x08007a14        0x0
 .rel.iplt      0x08007a14        0x0 D:/STM32CubeIDE_1.16.0/STM32CubeIDE/plugins/com.st.stm32cube.ide.mcu.externaltools.gnu-tools-for-stm32.13.3.rel1.win32_1.0.0.202411081344/tools/bin/../lib/gcc/arm-none-eabi/13.3.1/thumb/v7-m/nofp/crtbegin.o

.data           0x20000000       0x58 load address 0x08007a14
                0x20000000                        . = ALIGN (0x4)
                0x20000000                        _sdata = .
 *(.data)
 *(.data*)
 .data.SystemCoreClock
                0x20000000        0x4 ./Core/Src/system_stm32f1xx.o
                0x20000000                SystemCoreClock
 .data.uxCriticalNesting
                0x20000004        0x4 ./Middlewares/Third_Party/FreeRTOS/Source/portable/GCC/ARM_CM3/port.o
 .data._impure_ptr
                0x20000008        0x4 D:/STM32CubeIDE_1.16.0/STM32CubeIDE/plugins/com.st.stm32cube.ide.mcu.externaltools.gnu-tools-for-stm32.13.3.rel1.win32_1.0.0.202411081344/tools/bin/../lib/gcc/arm-none-eabi/13.3.1/../../../../arm-none-eabi/lib/thumb/v7-m/nofp\libc_nano.a(libc_a-impure.o)
                0x20000008                _impure_ptr
 .data._impure_data
                0x2000000c       0x4c D:/STM32CubeIDE_1.16.0/STM32CubeIDE/plugins/com.st.stm32cube.ide.mcu.externaltools.gnu-tools-for-stm32.13.3.rel1.win32_1.0.0.202411081344/tools/bin/../lib/gcc/arm-none-eabi/13.3.1/../../../../arm-none-eabi/lib/thumb/v7-m/nofp\libc_nano.a(libc_a-impure.o)
                0x2000000c                _impure_data
 *(.RamFunc)
 *(.RamFunc*)
                0x20000058                        . = ALIGN (0x4)
                0x20000058                        _edata = .

.igot.plt       0x20000058        0x0 load address 0x08007a6c
 .igot.plt      0x20000058        0x0 D:/STM32CubeIDE_1.16.0/STM32CubeIDE/plugins/com.st.stm32cube.ide.mcu.externaltools.gnu-tools-for-stm32.13.3.rel1.win32_1.0.0.202411081344/tools/bin/../lib/gcc/arm-none-eabi/13.3.1/thumb/v7-m/nofp/crtbegin.o
                0x20000058                        . = ALIGN (0x4)

.bss            0x20000058     0x2eac load address 0x08007a6c
                0x20000058                        _sbss = .
                0x20000058                        __bss_start__ = _sbss
 *(.bss)
 .bss           0x20000058       0x1c D:/STM32CubeIDE_1.16.0/STM32CubeIDE/plugins/com.st.stm32cube.ide.mcu.externaltools.gnu-tools-for-stm32.13.3.rel1.win32_1.0.0.202411081344/tools/bin/../lib/gcc/arm-none-eabi/13.3.1/thumb/v7-m/nofp/crtbegin.o
 *(.bss*)
 .bss.app_qh    0x20000074        0x4 ./Core/App/Src/app_tasks.o
                0x20000074                app_qh
 .bss.rx_rb     0x20000078      0x100 ./Core/App/Src/app_uart.o
 .bss.rx_head   0x20000178        0x2 ./Core/App/Src/app_uart.o
 .bss.rx_tail   0x2000017a        0x2 ./Core/App/Src/app_uart.o
 .bss.xIdleTaskTCBBuffer
                0x2000017c       0xa0 ./Core/Src/freertos.o
 .bss.xIdleStack
                0x2000021c      0x200 ./Core/Src/freertos.o
 .bss.htim4     0x2000041c       0x48 ./Core/Src/stm32f1xx_hal_timebase_tim.o
                0x2000041c                htim4
 .bss.__sbrk_heap_end
                0x20000464        0x4 ./Core/Src/sysmem.o
 .bss.pxCurrentTCB
                0x20000468        0x4 ./Middlewares/Third_Party/FreeRTOS/Source/tasks.o
                0x20000468                pxCurrentTCB
 .bss.pxReadyTasksLists
                0x2000046c       0x8c ./Middlewares/Third_Party/FreeRTOS/Source/tasks.o
 .bss.xDelayedTaskList1
                0x200004f8       0x14 ./Middlewares/Third_Party/FreeRTOS/Source/tasks.o
 .bss.xDelayedTaskList2
                0x2000050c       0x14 ./Middlewares/Third_Party/FreeRTOS/Source/tasks.o
 .bss.pxDelayedTaskList
                0x20000520        0x4 ./Middlewares/Third_Party/FreeRTOS/Source/tasks.o
 .bss.pxOverflowDelayedTaskList
                0x20000524        0x4 ./Middlewares/Third_Party/FreeRTOS/Source/tasks.o
 .bss.xPendingReadyList
                0x20000528       0x14 ./Middlewares/Third_Party/FreeRTOS/Source/tasks.o
 .bss.xTasksWaitingTermination
                0x2000053c       0x14 ./Middlewares/Third_Party/FreeRTOS/Source/tasks.o
 .bss.uxDeletedTasksWaitingCleanUp
                0x20000550        0x4 ./Middlewares/Third_Party/FreeRTOS/Source/tasks.o
 .bss.xSuspendedTaskList
                0x20000554       0x14 ./Middlewares/Third_Party/FreeRTOS/Source/tasks.o
 .bss.uxCurrentNumberOfTasks
                0x20000568        0x4 ./Middlewares/Third_Party/FreeRTOS/Source/tasks.o
 .bss.xTickCount
                0x2000056c        0x4 ./Middlewares/Third_Party/FreeRTOS/Source/tasks.o
 .bss.uxTopReadyPriority
                0x20000570        0x4 ./Middlewares/Third_Party/FreeRTOS/Source/tasks.o
 .bss.xSchedulerRunning
                0x20000574        0x4 ./Middlewares/Third_Party/FreeRTOS/Source/tasks.o
 .bss.xPendedTicks
                0x20000578        0x4 ./Middlewares/Third_Party/FreeRTOS/Source/tasks.o
 .bss.xYieldPending
                0x2000057c        0x4 ./Middlewares/Third_Party/FreeRTOS/Source/tasks.o
 .bss.xNumOfOverflows
                0x20000580        0x4 ./Middlewares/Third_Party/FreeRTOS/Source/tasks.o
 .bss.uxTaskNumber
                0x20000584        0x4 ./Middlewares/Third_Party/FreeRTOS/Source/tasks.o
 .bss.xNextTaskUnblockTime
                0x20000588        0x4 ./Middlewares/Third_Party/FreeRTOS/Source/tasks.o
 .bss.xIdleTaskHandle
                0x2000058c        0x4 ./Middlewares/Third_Party/FreeRTOS/Source/tasks.o
 .bss.uxSchedulerSuspended
                0x20000590        0x4 ./Middlewares/Third_Party/FreeRTOS/Source/tasks.o
 .bss.ucMaxSysCallPriority
                0x20000594        0x1 ./Middlewares/Third_Party/FreeRTOS/Source/portable/GCC/ARM_CM3/port.o
 *fill*         0x20000595        0x3 
 .bss.ulMaxPRIGROUPValue
                0x20000598        0x4 ./Middlewares/Third_Party/FreeRTOS/Source/portable/GCC/ARM_CM3/port.o
 .bss.ucHeap    0x2000059c     0x2800 ./Middlewares/Third_Party/FreeRTOS/Source/portable/MemMang/heap_4.o
 .bss.xStart    0x20002d9c        0x8 ./Middlewares/Third_Party/FreeRTOS/Source/portable/MemMang/heap_4.o
 .bss.pxEnd     0x20002da4        0x4 ./Middlewares/Third_Party/FreeRTOS/Source/portable/MemMang/heap_4.o
 .bss.xFreeBytesRemaining
                0x20002da8        0x4 ./Middlewares/Third_Party/FreeRTOS/Source/portable/MemMang/heap_4.o
 .bss.xMinimumEverFreeBytesRemaining
                0x20002dac        0x4 ./Middlewares/Third_Party/FreeRTOS/Source/portable/MemMang/heap_4.o
 .bss.xNumberOfSuccessfulAllocations
                0x20002db0        0x4 ./Middlewares/Third_Party/FreeRTOS/Source/portable/MemMang/heap_4.o
 .bss.xNumberOfSuccessfulFrees
                0x20002db4        0x4 ./Middlewares/Third_Party/FreeRTOS/Source/portable/MemMang/heap_4.o
 .bss.xBlockAllocatedBit
                0x20002db8        0x4 ./Middlewares/Third_Party/FreeRTOS/Source/portable/MemMang/heap_4.o
 .bss.__sf      0x20002dbc      0x138 D:/STM32CubeIDE_1.16.0/STM32CubeIDE/plugins/com.st.stm32cube.ide.mcu.externaltools.gnu-tools-for-stm32.13.3.rel1.win32_1.0.0.202411081344/tools/bin/../lib/gcc/arm-none-eabi/13.3.1/../../../../arm-none-eabi/lib/thumb/v7-m/nofp\libc_nano.a(libc_a-findfp.o)
                0x20002dbc                __sf
 .bss.errno     0x20002ef4        0x4 D:/STM32CubeIDE_1.16.0/STM32CubeIDE/plugins/com.st.stm32cube.ide.mcu.externaltools.gnu-tools-for-stm32.13.3.rel1.win32_1.0.0.202411081344/tools/bin/../lib/gcc/arm-none-eabi/13.3.1/../../../../arm-none-eabi/lib/thumb/v7-m/nofp\libc_nano.a(libc_a-reent.o)
                0x20002ef4                errno
 .bss.__lock___malloc_recursive_mutex
                0x20002ef8        0x1 D:/STM32CubeIDE_1.16.0/STM32CubeIDE/plugins/com.st.stm32cube.ide.mcu.externaltools.gnu-tools-for-stm32.13.3.rel1.win32_1.0.0.202411081344/tools/bin/../lib/gcc/arm-none-eabi/13.3.1/../../../../arm-none-eabi/lib/thumb/v7-m/nofp\libc_nano.a(libc_a-lock.o)
                0x20002ef8                __lock___malloc_recursive_mutex
 *fill*         0x20002ef9        0x3 
 .bss.__malloc_sbrk_start
                0x20002efc        0x4 D:/STM32CubeIDE_1.16.0/STM32CubeIDE/plugins/com.st.stm32cube.ide.mcu.externaltools.gnu-tools-for-stm32.13.3.rel1.win32_1.0.0.202411081344/tools/bin/../lib/gcc/arm-none-eabi/13.3.1/../../../../arm-none-eabi/lib/thumb/v7-m/nofp\libc_nano.a(libc_a-mallocr.o)
                0x20002efc                __malloc_sbrk_start
 .bss.__malloc_free_list
                0x20002f00        0x4 D:/STM32CubeIDE_1.16.0/STM32CubeIDE/plugins/com.st.stm32cube.ide.mcu.externaltools.gnu-tools-for-stm32.13.3.rel1.win32_1.0.0.202411081344/tools/bin/../lib/gcc/arm-none-eabi/13.3.1/../../../../arm-none-eabi/lib/thumb/v7-m/nofp\libc_nano.a(libc_a-mallocr.o)
                0x20002f00                __malloc_free_list
 *(COMMON)
                0x20002f04                        . = ALIGN (0x4)
                0x20002f04                        _ebss = .
                0x20002f04                        __bss_end__ = _ebss

._user_heap_stack
                0x20002f04      0x604 load address 0x08007a6c
                0x20002f08                        . = ALIGN (0x8)
 *fill*         0x20002f04        0x4 
                [!provide]                        PROVIDE (end = .)
                0x20002f08                        PROVIDE (_end = .)
                0x20003108                        . = (. + _Min_Heap_Size)
 *fill*         0x20002f08      0x200 
                0x20003508                        . = (. + _Min_Stack_Size)
 *fill*         0x20003108      0x400 
                0x20003508                        . = ALIGN (0x8)

/DISCARD/
 libc.a(*)
 libm.a(*)
 libgcc.a(*)

.ARM.attributes
                0x00000000       0x29
 *(.ARM.attributes)
 .ARM.attributes
                0x00000000       0x1d D:/STM32CubeIDE_1.16.0/STM32CubeIDE/plugins/com.st.stm32cube.ide.mcu.externaltools.gnu-tools-for-stm32.13.3.rel1.win32_1.0.0.202411081344/tools/bin/../lib/gcc/arm-none-eabi/13.3.1/thumb/v7-m/nofp/crti.o
 .ARM.attributes
                0x0000001d       0x2d D:/STM32CubeIDE_1.16.0/STM32CubeIDE/plugins/com.st.stm32cube.ide.mcu.externaltools.gnu-tools-for-stm32.13.3.rel1.win32_1.0.0.202411081344/tools/bin/../lib/gcc/arm-none-eabi/13.3.1/thumb/v7-m/nofp/crtbegin.o
 .ARM.attributes
                0x0000004a       0x2d ./Core/App/Src/app_crc16.o
 .ARM.attributes
                0x00000077       0x2d ./Core/App/Src/app_meta.o
 .ARM.attributes
                0x000000a4       0x2d ./Core/App/Src/app_proto.o
 .ARM.attributes
                0x000000d1       0x2d ./Core/App/Src/app_system.o
 .ARM.attributes
                0x000000fe       0x2d ./Core/App/Src/app_tasks.o
 .ARM.attributes
                0x0000012b       0x2d ./Core/App/Src/app_uart.o
 .ARM.attributes
                0x00000158       0x2d ./Core/Src/app.o
 .ARM.attributes
                0x00000185       0x2d ./Core/Src/freertos.o
 .ARM.attributes
                0x000001b2       0x2d ./Core/Src/stm32f1xx_hal_timebase_tim.o
 .ARM.attributes
                0x000001df       0x2d ./Core/Src/stm32f1xx_it.o
 .ARM.attributes
                0x0000020c       0x2d ./Core/Src/sysmem.o
 .ARM.attributes
                0x00000239       0x2d ./Core/Src/system_stm32f1xx.o
 .ARM.attributes
                0x00000266       0x21 ./Core/Startup/startup_stm32f103c8tx.o
 .ARM.attributes
                0x00000287       0x2d ./Drivers/STM32F1xx_HAL_Driver/Src/stm32f1xx_hal_tim.o
 .ARM.attributes
                0x000002b4       0x2d ./Drivers/STM32F1xx_HAL_Driver/Src/stm32f1xx_hal_tim_ex.o
 .ARM.attributes
                0x000002e1       0x2d ./Middlewares/Third_Party/FreeRTOS/Source/list.o
 .ARM.attributes
                0x0000030e       0x2d ./Middlewares/Third_Party/FreeRTOS/Source/queue.o
 .ARM.attributes
                0x0000033b       0x2d ./Middlewares/Third_Party/FreeRTOS/Source/tasks.o
 .ARM.attributes
                0x00000368       0x2d ./Middlewares/Third_Party/FreeRTOS/Source/portable/GCC/ARM_CM3/port.o
 .ARM.attributes
                0x00000395       0x2d ./Middlewares/Third_Party/FreeRTOS/Source/portable/MemMang/heap_4.o
 .ARM.attributes
                0x000003c2       0x2d D:/STM32CubeIDE_1.16.0/STM32CubeIDE/plugins/com.st.stm32cube.ide.mcu.externaltools.gnu-tools-for-stm32.13.3.rel1.win32_1.0.0.202411081344/tools/bin/../lib/gcc/arm-none-eabi/13.3.1/../../../../arm-none-eabi/lib/thumb/v7-m/nofp\libc_nano.a(libc_a-findfp.o)
 .ARM.attributes
                0x000003ef       0x2d D:/STM32CubeIDE_1.16.0/STM32CubeIDE/plugins/com.st.stm32cube.ide.mcu.externaltools.gnu-tools-for-stm32.13.3.rel1.win32_1.0.0.202411081344/tools/bin/../lib/gcc/arm-none-eabi/13.3.1/../../../../arm-none-eabi/lib/thumb/v7-m/nofp\libc_nano.a(libc_a-vsnprintf.o)
 .ARM.attributes
                0x0000041c       0x2d D:/STM32CubeIDE_1.16.0/STM32CubeIDE/plugins/com.st.stm32cube.ide.mcu.externaltools.gnu-tools-for-stm32.13.3.rel1.win32_1.0.0.202411081344/tools/bin/../lib/gcc/arm-none-eabi/13.3.1/../../../../arm-none-eabi/lib/thumb/v7-m/nofp\libc_nano.a(libc_a-memset.o)
 .ARM.attributes
                0x00000449       0x2d D:/STM32CubeIDE_1.16.0/STM32CubeIDE/plugins/com.st.stm32cube.ide.mcu.externaltools.gnu-tools-for-stm32.13.3.rel1.win32_1.0.0.202411081344/tools/bin/../lib/gcc/arm-none-eabi/13.3.1/../../../../arm-none-eabi/lib/thumb/v7-m/nofp\libc_nano.a(libc_a-reent.o)
 .ARM.attributes
                0x00000476       0x2d D:/STM32CubeIDE_1.16.0/STM32CubeIDE/plugins/com.st.stm32cube.ide.mcu.externaltools.gnu-tools-for-stm32.13.3.rel1.win32_1.0.0.202411081344/tools/bin/../lib/gcc/arm-none-eabi/13.3.1/../../../../arm-none-eabi/lib/thumb/v7-m/nofp\libc_nano.a(libc_a-impure.o)
 .ARM.attributes
                0x000004a3       0x2d D:/STM32CubeIDE_1.16.0/STM32CubeIDE/plugins/com.st.stm32cube.ide.mcu.externaltools.gnu-tools-for-stm32.13.3.rel1.win32_1.0.0.202411081344/tools/bin/../lib/gcc/arm-none-eabi/13.3.1/../../../../arm-none-eabi/lib/thumb/v7-m/nofp\libc_nano.a(libc_a-errno.o)
 .ARM.attributes
                0x000004d0       0x2d D:/STM32CubeIDE_1.16.0/STM32CubeIDE/plugins/com.st.stm32cube.ide.mcu.externaltools.gnu-tools-for-stm32.13.3.rel1.win32_1.0.0.202411081344/tools/bin/../lib/gcc/arm-none-eabi/13.3.1/../../../../arm-none-eabi/lib/thumb/v7-m/nofp\libc_nano.a(libc_a-init.o)
 .ARM.attributes
                0x000004fd       0x2d D:/STM32CubeIDE_1.16.0/STM32CubeIDE/plugins/com.st.stm32cube.ide.mcu.externaltools.gnu-tools-for-stm32.13.3.rel1.win32_1.0.0.202411081344/tools/bin/../lib/gcc/arm-none-eabi/13.3.1/../../../../arm-none-eabi/lib/thumb/v7-m/nofp\libc_nano.a(libc_a-lock.o)
 .ARM.attributes
                0x0000052a       0x2d D:/STM32CubeIDE_1.16.0/STM32CubeIDE/plugins/com.st.stm32cube.ide.mcu.externaltools.gnu-tools-for-stm32.13.3.rel1.win32_1.0.0.202411081344/tools/bin/../lib/gcc/arm-none-eabi/13.3.1/../../../../arm-none-eabi/lib/thumb/v7-m/nofp\libc_nano.a(libc_a-memcpy-stub.o)
 .ARM.attributes
                0x00000557       0x2d D:/STM32CubeIDE_1.16.0/STM32CubeIDE/plugins/com.st.stm32cube.ide.mcu.externaltools.gnu-tools-for-stm32.13.3.rel1.win32_1.0.0.202411081344/tools/bin/../lib/gcc/arm-none-eabi/13.3.1/../../../../arm-none-eabi/lib/thumb/v7-m/nofp\libc_nano.a(libc_a-freer.o)
 .ARM.attributes
                0x00000584       0x2d D:/STM32CubeIDE_1.16.0/STM32CubeIDE/plugins/com.st.stm32cube.ide.mcu.externaltools.gnu-tools-for-stm32.13.3.rel1.win32_1.0.0.202411081344/tools/bin/../lib/gcc/arm-none-eabi/13.3.1/../../../../arm-none-eabi/lib/thumb/v7-m/nofp\libc_nano.a(libc_a-mallocr.o)
 .ARM.attributes
                0x000005b1       0x2d D:/STM32CubeIDE_1.16.0/STM32CubeIDE/plugins/com.st.stm32cube.ide.mcu.externaltools.gnu-tools-for-stm32.13.3.rel1.win32_1.0.0.202411081344/tools/bin/../lib/gcc/arm-none-eabi/13.3.1/../../../../arm-none-eabi/lib/thumb/v7-m/nofp\libc_nano.a(libc_a-mlock.o)
 .ARM.attributes
                0x000005de       0x2d D:/STM32CubeIDE_1.16.0/STM32CubeIDE/plugins/com.st.stm32cube.ide.mcu.externaltools.gnu-tools-for-stm32.13.3.rel1.win32_1.0.0.202411081344/tools/bin/../lib/gcc/arm-none-eabi/13.3.1/../../../../arm-none-eabi/lib/thumb/v7-m/nofp\libc_nano.a(libc_a-nano-svfprintf.o)
 .ARM.attributes
                0x0000060b       0x2d D:/STM32CubeIDE_1.16.0/STM32CubeIDE/plugins/com.st.stm32cube.ide.mcu.externaltools.gnu-tools-for-stm32.13.3.rel1.win32_1.0.0.202411081344/tools/bin/../lib/gcc/arm-none-eabi/13.3.1/../../../../arm-none-eabi/lib/thumb/v7-m/nofp\libc_nano.a(libc_a-nano-vfprintf_i.o)
 .ARM.attributes
                0x00000638       0x2d D:/STM32CubeIDE_1.16.0/STM32CubeIDE/plugins/com.st.stm32cube.ide.mcu.externaltools.gnu-tools-for-stm32.13.3.rel1.win32_1.0.0.202411081344/tools/bin/../lib/gcc/arm-none-eabi/13.3.1/../../../../arm-none-eabi/lib/thumb/v7-m/nofp\libc_nano.a(libc_a-memmove.o)
 .ARM.attributes
                0x00000665       0x2d D:/STM32CubeIDE_1.16.0/STM32CubeIDE/plugins/com.st.stm32cube.ide.mcu.externaltools.gnu-tools-for-stm32.13.3.rel1.win32_1.0.0.202411081344/tools/bin/../lib/gcc/arm-none-eabi/13.3.1/../../../../arm-none-eabi/lib/thumb/v7-m/nofp\libc_nano.a(libc_a-sbrkr.o)
 .ARM.attributes
                0x00000692       0x2d D:/STM32CubeIDE_1.16.0/STM32CubeIDE/plugins/com.st.stm32cube.ide.mcu.externaltools.gnu-tools-for-stm32.13.3.rel1.win32_1.0.0.202411081344/tools/bin/../lib/gcc/arm-none-eabi/13.3.1/../../../../arm-none-eabi/lib/thumb/v7-m/nofp\libc_nano.a(libc_a-memchr-stub.o)
 .ARM.attributes
                0x000006bf       0x2d D:/STM32CubeIDE_1.16.0/STM32CubeIDE/plugins/com.st.stm32cube.ide.mcu.externaltools.gnu-tools-for-stm32.13.3.rel1.win32_1.0.0.202411081344/tools/bin/../lib/gcc/arm-none-eabi/13.3.1/../../../../arm-none-eabi/lib/thumb/v7-m/nofp\libc_nano.a(libc_a-reallocr.o)
 .ARM.attributes
                0x000006ec       0x2d D:/STM32CubeIDE_1.16.0/STM32CubeIDE/plugins/com.st.stm32cube.ide.mcu.externaltools.gnu-tools-for-stm32.13.3.rel1.win32_1.0.0.202411081344/tools/bin/../lib/gcc/arm-none-eabi/13.3.1/../../../../arm-none-eabi/lib/thumb/v7-m/nofp\libc_nano.a(libc_a-msizer.o)
 .ARM.attributes
                0x00000719       0x1d D:/STM32CubeIDE_1.16.0/STM32CubeIDE/plugins/com.st.stm32cube.ide.mcu.externaltools.gnu-tools-for-stm32.13.3.rel1.win32_1.0.0.202411081344/tools/bin/../lib/gcc/arm-none-eabi/13.3.1/thumb/v7-m/nofp/crtn.o
OUTPUT(stm32_app.elf elf32-littlearm)
LOAD linker stubs
LOAD D:/STM32CubeIDE_1.16.0/STM32CubeIDE/plugins/com.st.stm32cube.ide.mcu.externaltools.gnu-tools-for-stm32.13.3.rel1.win32_1.0.0.202411081344/tools/bin/../lib/gcc/arm-none-eabi/13.3.1/../../../../arm-none-eabi/lib/thumb/v7-m/nofp\libc.a
LOAD D:/STM32CubeIDE_1.16.0/STM32CubeIDE/plugins/com.st.stm32cube.ide.mcu.externaltools.gnu-tools-for-stm32.13.3.rel1.win32_1.0.0.202411081344/tools/bin/../lib/gcc/arm-none-eabi/13.3.1/../../../../arm-none-eabi/lib/thumb/v7-m/nofp\libm.a
LOAD D:/STM32CubeIDE_1.16.0/STM32CubeIDE/plugins/com.st.stm32cube.ide.mcu.externaltools.gnu-tools-for-stm32.13.3.rel1.win32_1.0.0.202411081344/tools/bin/../lib/gcc/arm-none-eabi/13.3.1/thumb/v7-m/nofp\libgcc.a

.debug_info     0x00000000     0xc1b0
 .debug_info    0x00000000      0x137 ./Core/App/Src/app_crc16.o
 .debug_info    0x00000137      0x1e9 ./Core/App/Src/app_meta.o
 .debug_info    0x00000320      0x68f ./Core/App/Src/app_proto.o
 .debug_info    0x000009af      0x409 ./Core/App/Src/app_system.o
 .debug_info    0x00000db8      0x322 ./Core/App/Src/app_tasks.o
 .debug_info    0x000010da      0xa8b ./Core/App/Src/app_uart.o
 .debug_info    0x00001b65      0x1c6 ./Core/Src/app.o
 .debug_info    0x00001d2b      0xb42 ./Core/Src/freertos.o
 .debug_info    0x0000286d      0x9a8 ./Core/Src/stm32f1xx_hal_timebase_tim.o
 .debug_info    0x00003215      0x66a ./Core/Src/stm32f1xx_it.o
 .debug_info    0x0000387f      0x168 ./Core/Src/sysmem.o
 .debug_info    0x000039e7      0x222 ./Core/Src/system_stm32f1xx.o
 .debug_info    0x00003c09       0x30 ./Core/Startup/startup_stm32f103c8tx.o
 .debug_info    0x00003c39     0x2959 ./Drivers/STM32F1xx_HAL_Driver/Src/stm32f1xx_hal_tim.o
 .debug_info    0x00006592     0x149b ./Drivers/STM32F1xx_HAL_Driver/Src/stm32f1xx_hal_tim_ex.o
 .debug_info    0x00007a2d      0x2af ./Middlewares/Third_Party/FreeRTOS/Source/list.o
 .debug_info    0x00007cdc     0x17cd ./Middlewares/Third_Party/FreeRTOS/Source/queue.o
 .debug_info    0x000094a9     0x239e ./Middlewares/Third_Party/FreeRTOS/Source/tasks.o
 .debug_info    0x0000b847      0x494 ./Middlewares/Third_Party/FreeRTOS/Source/portable/GCC/ARM_CM3/port.o
 .debug_info    0x0000bcdb      0x4d5 ./Middlewares/Third_Party/FreeRTOS/Source/portable/MemMang/heap_4.o

.debug_abbrev   0x00000000     0x2368
 .debug_abbrev  0x00000000       0xa5 ./Core/App/Src/app_crc16.o
 .debug_abbrev  0x000000a5       0xe7 ./Core/App/Src/app_meta.o
 .debug_abbrev  0x0000018c      0x22a ./Core/App/Src/app_proto.o
 .debug_abbrev  0x000003b6      0x122 ./Core/App/Src/app_system.o
 .debug_abbrev  0x000004d8      0x1a5 ./Core/App/Src/app_tasks.o
 .debug_abbrev  0x0000067d      0x2af ./Core/App/Src/app_uart.o
 .debug_abbrev  0x0000092c       0xdb ./Core/Src/app.o
 .debug_abbrev  0x00000a07      0x1eb ./Core/Src/freertos.o
 .debug_abbrev  0x00000bf2      0x1f3 ./Core/Src/stm32f1xx_hal_timebase_tim.o
 .debug_abbrev  0x00000de5      0x17c ./Core/Src/stm32f1xx_it.o
 .debug_abbrev  0x00000f61       0xbc ./Core/Src/sysmem.o
 .debug_abbrev  0x0000101d      0x13f ./Core/Src/system_stm32f1xx.o
 .debug_abbrev  0x0000115c       0x24 ./Core/Startup/startup_stm32f103c8tx.o
 .debug_abbrev  0x00001180      0x277 ./Drivers/STM32F1xx_HAL_Driver/Src/stm32f1xx_hal_tim.o
 .debug_abbrev  0x000013f7      0x282 ./Drivers/STM32F1xx_HAL_Driver/Src/stm32f1xx_hal_tim_ex.o
 .debug_abbrev  0x00001679       0xf5 ./Middlewares/Third_Party/FreeRTOS/Source/list.o
 .debug_abbrev  0x0000176e      0x3b5 ./Middlewares/Third_Party/FreeRTOS/Source/queue.o
 .debug_abbrev  0x00001b23      0x3d0 ./Middlewares/Third_Party/FreeRTOS/Source/tasks.o
 .debug_abbrev  0x00001ef3      0x258 ./Middlewares/Third_Party/FreeRTOS/Source/portable/GCC/ARM_CM3/port.o
 .debug_abbrev  0x0000214b      0x21d ./Middlewares/Third_Party/FreeRTOS/Source/portable/MemMang/heap_4.o

.debug_aranges  0x00000000      0xbc0
 .debug_aranges
                0x00000000       0x20 ./Core/App/Src/app_crc16.o
 .debug_aranges
                0x00000020       0x20 ./Core/App/Src/app_meta.o
 .debug_aranges
                0x00000040       0x40 ./Core/App/Src/app_proto.o
 .debug_aranges
                0x00000080       0x30 ./Core/App/Src/app_system.o
 .debug_aranges
                0x000000b0       0x40 ./Core/App/Src/app_tasks.o
 .debug_aranges
                0x000000f0       0x88 ./Core/App/Src/app_uart.o
 .debug_aranges
                0x00000178       0x20 ./Core/Src/app.o
 .debug_aranges
                0x00000198       0x30 ./Core/Src/freertos.o
 .debug_aranges
                0x000001c8       0x30 ./Core/Src/stm32f1xx_hal_timebase_tim.o
 .debug_aranges
                0x000001f8       0x50 ./Core/Src/stm32f1xx_it.o
 .debug_aranges
                0x00000248       0x20 ./Core/Src/sysmem.o
 .debug_aranges
                0x00000268       0x28 ./Core/Src/system_stm32f1xx.o
 .debug_aranges
                0x00000290       0x28 ./Core/Startup/startup_stm32f103c8tx.o
 .debug_aranges
                0x000002b8      0x3d0 ./Drivers/STM32F1xx_HAL_Driver/Src/stm32f1xx_hal_tim.o
 .debug_aranges
                0x00000688      0x168 ./Drivers/STM32F1xx_HAL_Driver/Src/stm32f1xx_hal_tim_ex.o
 .debug_aranges
                0x000007f0       0x40 ./Middlewares/Third_Party/FreeRTOS/Source/list.o
 .debug_aranges
                0x00000830      0x108 ./Middlewares/Third_Party/FreeRTOS/Source/queue.o
 .debug_aranges
                0x00000938      0x1b8 ./Middlewares/Third_Party/FreeRTOS/Source/tasks.o
 .debug_aranges
                0x00000af0       0x78 ./Middlewares/Third_Party/FreeRTOS/Source/portable/GCC/ARM_CM3/port.o
 .debug_aranges
                0x00000b68       0x58 ./Middlewares/Third_Party/FreeRTOS/Source/portable/MemMang/heap_4.o

.debug_rnglists
                0x00000000      0x8ff
 .debug_rnglists
                0x00000000       0x13 ./Core/App/Src/app_crc16.o
 .debug_rnglists
                0x00000013       0x14 ./Core/App/Src/app_meta.o
 .debug_rnglists
                0x00000027       0x2c ./Core/App/Src/app_proto.o
 .debug_rnglists
                0x00000053       0x20 ./Core/App/Src/app_system.o
 .debug_rnglists
                0x00000073       0x2b ./Core/App/Src/app_tasks.o
 .debug_rnglists
                0x0000009e       0x62 ./Core/App/Src/app_uart.o
 .debug_rnglists
                0x00000100       0x14 ./Core/Src/app.o
 .debug_rnglists
                0x00000114       0x1f ./Core/Src/freertos.o
 .debug_rnglists
                0x00000133       0x20 ./Core/Src/stm32f1xx_hal_timebase_tim.o
 .debug_rnglists
                0x00000153       0x37 ./Core/Src/stm32f1xx_it.o
 .debug_rnglists
                0x0000018a       0x13 ./Core/Src/sysmem.o
 .debug_rnglists
                0x0000019d       0x1a ./Core/Src/system_stm32f1xx.o
 .debug_rnglists
                0x000001b7       0x19 ./Core/Startup/startup_stm32f103c8tx.o
 .debug_rnglists
                0x000001d0      0x31a ./Drivers/STM32F1xx_HAL_Driver/Src/stm32f1xx_hal_tim.o
 .debug_rnglists
                0x000004ea      0x125 ./Drivers/STM32F1xx_HAL_Driver/Src/stm32f1xx_hal_tim_ex.o
 .debug_rnglists
                0x0000060f       0x2b ./Middlewares/Third_Party/FreeRTOS/Source/list.o
 .debug_rnglists
                0x0000063a       0xcd ./Middlewares/Third_Party/FreeRTOS/Source/queue.o
 .debug_rnglists
                0x00000707      0x15f ./Middlewares/Third_Party/FreeRTOS/Source/tasks.o
 .debug_rnglists
                0x00000866       0x57 ./Middlewares/Third_Party/FreeRTOS/Source/portable/GCC/ARM_CM3/port.o
 .debug_rnglists
                0x000008bd       0x42 ./Middlewares/Third_Party/FreeRTOS/Source/portable/MemMang/heap_4.o

.debug_macro    0x00000000    0x1977b
 .debug_macro   0x00000000       0x69 ./Core/App/Src/app_crc16.o
 .debug_macro   0x00000069      0xacc ./Core/App/Src/app_crc16.o
 .debug_macro   0x00000b35       0x22 ./Core/App/Src/app_crc16.o
 .debug_macro   0x00000b57       0x8e ./Core/App/Src/app_crc16.o
 .debug_macro   0x00000be5       0x51 ./Core/App/Src/app_crc16.o
 .debug_macro   0x00000c36      0x103 ./Core/App/Src/app_crc16.o
 .debug_macro   0x00000d39       0x6a ./Core/App/Src/app_crc16.o
 .debug_macro   0x00000da3      0x1df ./Core/App/Src/app_crc16.o
 .debug_macro   0x00000f82      0x27f ./Core/App/Src/app_meta.o
 .debug_macro   0x00001201       0x2e ./Core/App/Src/app_meta.o
 .debug_macro   0x0000122f       0x22 ./Core/App/Src/app_meta.o
 .debug_macro   0x00001251       0x1c ./Core/App/Src/app_meta.o
 .debug_macro   0x0000126d       0x22 ./Core/App/Src/app_meta.o
 .debug_macro   0x0000128f       0xbd ./Core/App/Src/app_meta.o
 .debug_macro   0x0000134c      0xd23 ./Core/App/Src/app_meta.o
 .debug_macro   0x0000206f     0xe09e ./Core/App/Src/app_meta.o
 .debug_macro   0x0001010d       0x6d ./Core/App/Src/app_meta.o
 .debug_macro   0x0001017a      0x20f ./Core/App/Src/app_meta.o
 .debug_macro   0x00010389     0x34a2 ./Core/App/Src/app_meta.o
 .debug_macro   0x0001382b      0x190 ./Core/App/Src/app_meta.o
 .debug_macro   0x000139bb       0x5c ./Core/App/Src/app_meta.o
 .debug_macro   0x00013a17      0x5bc ./Core/App/Src/app_meta.o
 .debug_macro   0x00013fd3      0x289 ./Core/App/Src/app_meta.o
 .debug_macro   0x0001425c      0x1cb ./Core/App/Src/app_meta.o
 .debug_macro   0x00014427      0x114 ./Core/App/Src/app_meta.o
 .debug_macro   0x0001453b      0x1b2 ./Core/App/Src/app_meta.o
 .debug_macro   0x000146ed       0x27 ./Core/App/Src/app_meta.o
 .debug_macro   0x00014714      0x136 ./Core/App/Src/app_meta.o
 .debug_macro   0x0001484a      0x1bc ./Core/App/Src/app_meta.o
 .debug_macro   0x00014a06       0x34 ./Core/App/Src/app_meta.o
 .debug_macro   0x00014a3a       0x3c ./Core/App/Src/app_meta.o
 .debug_macro   0x00014a76       0x57 ./Core/App/Src/app_meta.o
 .debug_macro   0x00014acd       0x87 ./Core/App/Src/app_meta.o
 .debug_macro   0x00014b54      0x240 ./Core/App/Src/app_meta.o
 .debug_macro   0x00014d94      0x140 ./Core/App/Src/app_meta.o
 .debug_macro   0x00014ed4      0x8ed ./Core/App/Src/app_meta.o
 .debug_macro   0x000157c1       0x83 ./Core/App/Src/app_meta.o
 .debug_macro   0x00015844       0x58 ./Core/App/Src/app_meta.o
 .debug_macro   0x0001589c       0x52 ./Core/App/Src/app_meta.o
 .debug_macro   0x000158ee       0x61 ./Core/App/Src/app_meta.o
 .debug_macro   0x0001594f       0x24 ./Core/App/Src/app_meta.o
 .debug_macro   0x00015973       0x43 ./Core/App/Src/app_meta.o
 .debug_macro   0x000159b6       0x34 ./Core/App/Src/app_meta.o
 .debug_macro   0x000159ea      0x370 ./Core/App/Src/app_meta.o
 .debug_macro   0x00015d5a       0x16 ./Core/App/Src/app_meta.o
 .debug_macro   0x00015d70       0x4a ./Core/App/Src/app_meta.o
 .debug_macro   0x00015dba       0x34 ./Core/App/Src/app_meta.o
 .debug_macro   0x00015dee       0x10 ./Core/App/Src/app_meta.o
 .debug_macro   0x00015dfe       0x58 ./Core/App/Src/app_meta.o
 .debug_macro   0x00015e56       0x8e ./Core/App/Src/app_meta.o
 .debug_macro   0x00015ee4       0x1c ./Core/App/Src/app_meta.o
 .debug_macro   0x00015f00      0x185 ./Core/App/Src/app_meta.o
 .debug_macro   0x00016085       0x10 ./Core/App/Src/app_meta.o
 .debug_macro   0x00016095       0x3c ./Core/App/Src/app_meta.o
 .debug_macro   0x000160d1       0x20 ./Core/App/Src/app_meta.o
 .debug_macro   0x000160f1      0x317 ./Core/App/Src/app_proto.o
 .debug_macro   0x00016408       0xdc ./Core/App/Src/app_proto.o
 .debug_macro   0x000164e4      0x15a ./Core/App/Src/app_proto.o
 .debug_macro   0x0001663e       0xde ./Core/App/Src/app_proto.o
 .debug_macro   0x0001671c       0x1c ./Core/App/Src/app_proto.o
 .debug_macro   0x00016738       0x26 ./Core/App/Src/app_proto.o
 .debug_macro   0x0001675e       0x16 ./Core/App/Src/app_proto.o
 .debug_macro   0x00016774      0x513 ./Core/App/Src/app_proto.o
 .debug_macro   0x00016c87       0xb5 ./Core/App/Src/app_proto.o
 .debug_macro   0x00016d3c       0xaa ./Core/App/Src/app_proto.o
 .debug_macro   0x00016de6      0x1bb ./Core/App/Src/app_system.o
 .debug_macro   0x00016fa1      0x2f0 ./Core/App/Src/app_tasks.o
 .debug_macro   0x00017291       0x10 ./Core/App/Src/app_tasks.o
 .debug_macro   0x000172a1       0x87 ./Core/App/Src/app_tasks.o
 .debug_macro   0x00017328      0x334 ./Core/App/Src/app_uart.o
 .debug_macro   0x0001765c       0x16 ./Core/App/Src/app_uart.o
 .debug_macro   0x00017672       0x16 ./Core/App/Src/app_uart.o
 .debug_macro   0x00017688       0x16 ./Core/App/Src/app_uart.o
 .debug_macro   0x0001769e      0x146 ./Core/App/Src/app_uart.o
 .debug_macro   0x000177e4       0x16 ./Core/App/Src/app_uart.o
 .debug_macro   0x000177fa      0x304 ./Core/Src/app.o
 .debug_macro   0x00017afe      0x306 ./Core/Src/freertos.o
 .debug_macro   0x00017e04       0xdc ./Core/Src/freertos.o
 .debug_macro   0x00017ee0       0x56 ./Core/Src/freertos.o
 .debug_macro   0x00017f36       0x91 ./Core/Src/freertos.o
 .debug_macro   0x00017fc7       0x8d ./Core/Src/freertos.o
 .debug_macro   0x00018054       0x7e ./Core/Src/freertos.o
 .debug_macro   0x000180d2       0x19 ./Core/Src/freertos.o
 .debug_macro   0x000180eb       0xf2 ./Core/Src/freertos.o
 .debug_macro   0x000181dd      0x199 ./Core/Src/stm32f1xx_hal_timebase_tim.o
 .debug_macro   0x00018376      0x1ad ./Core/Src/stm32f1xx_it.o
 .debug_macro   0x00018523      0x112 ./Core/Src/sysmem.o
 .debug_macro   0x00018635      0x23c ./Core/Src/sysmem.o
 .debug_macro   0x00018871      0x199 ./Core/Src/system_stm32f1xx.o
 .debug_macro   0x00018a0a      0x19a ./Drivers/STM32F1xx_HAL_Driver/Src/stm32f1xx_hal_tim.o
 .debug_macro   0x00018ba4      0x199 ./Drivers/STM32F1xx_HAL_Driver/Src/stm32f1xx_hal_tim_ex.o
 .debug_macro   0x00018d3d      0x199 ./Middlewares/Third_Party/FreeRTOS/Source/list.o
 .debug_macro   0x00018ed6      0x228 ./Middlewares/Third_Party/FreeRTOS/Source/queue.o
 .debug_macro   0x000190fe      0x28b ./Middlewares/Third_Party/FreeRTOS/Source/tasks.o
 .debug_macro   0x00019389       0x10 ./Middlewares/Third_Party/FreeRTOS/Source/tasks.o
 .debug_macro   0x00019399      0x222 ./Middlewares/Third_Party/FreeRTOS/Source/portable/GCC/ARM_CM3/port.o
 .debug_macro   0x000195bb      0x1c0 ./Middlewares/Third_Party/FreeRTOS/Source/portable/MemMang/heap_4.o

.debug_line     0x00000000     0xfb7f
 .debug_line    0x00000000      0x44c ./Core/App/Src/app_crc16.o
 .debug_line    0x0000044c      0x8f2 ./Core/App/Src/app_meta.o
 .debug_line    0x00000d3e      0xb8c ./Core/App/Src/app_proto.o
 .debug_line    0x000018ca      0x808 ./Core/App/Src/app_system.o
 .debug_line    0x000020d2      0xa0f ./Core/App/Src/app_tasks.o
 .debug_line    0x00002ae1      0xcda ./Core/App/Src/app_uart.o
 .debug_line    0x000037bb      0x985 ./Core/Src/app.o
 .debug_line    0x00004140      0x9c4 ./Core/Src/freertos.o
 .debug_line    0x00004b04      0x759 ./Core/Src/stm32f1xx_hal_timebase_tim.o
 .debug_line    0x0000525d      0x761 ./Core/Src/stm32f1xx_it.o
 .debug_line    0x000059be      0x579 ./Core/Src/sysmem.o
 .debug_line    0x00005f37      0x757 ./Core/Src/system_stm32f1xx.o
 .debug_line    0x0000668e       0x78 ./Core/Startup/startup_stm32f103c8tx.o
 .debug_line    0x00006706     0x3476 ./Drivers/STM32F1xx_HAL_Driver/Src/stm32f1xx_hal_tim.o
 .debug_line    0x00009b7c     0x184c ./Drivers/STM32F1xx_HAL_Driver/Src/stm32f1xx_hal_tim_ex.o
 .debug_line    0x0000b3c8      0x787 ./Middlewares/Third_Party/FreeRTOS/Source/list.o
 .debug_line    0x0000bb4f     0x14cb ./Middlewares/Third_Party/FreeRTOS/Source/queue.o
 .debug_line    0x0000d01a     0x18e3 ./Middlewares/Third_Party/FreeRTOS/Source/tasks.o
 .debug_line    0x0000e8fd      0x8e5 ./Middlewares/Third_Party/FreeRTOS/Source/portable/GCC/ARM_CM3/port.o
 .debug_line    0x0000f1e2      0x99d ./Middlewares/Third_Party/FreeRTOS/Source/portable/MemMang/heap_4.o

.debug_str      0x00000000    0x9043c
 .debug_str     0x00000000    0x9043c ./Core/App/Src/app_crc16.o
                               0x3d9b (size before relaxing)
 .debug_str     0x0009043c    0x84f1e ./Core/App/Src/app_meta.o
 .debug_str     0x0009043c    0x88eb3 ./Core/App/Src/app_proto.o
 .debug_str     0x0009043c    0x81ded ./Core/App/Src/app_system.o
 .debug_str     0x0009043c    0x8953a ./Core/App/Src/app_tasks.o
 .debug_str     0x0009043c    0x8985d ./Core/App/Src/app_uart.o
 .debug_str     0x0009043c    0x8952a ./Core/Src/app.o
 .debug_str     0x0009043c    0x8b291 ./Core/Src/freertos.o
 .debug_str     0x0009043c    0x82406 ./Core/Src/stm32f1xx_hal_timebase_tim.o
 .debug_str     0x0009043c    0x81fe2 ./Core/Src/stm32f1xx_it.o
 .debug_str     0x0009043c     0x770d ./Core/Src/sysmem.o
 .debug_str     0x0009043c    0x81b3e ./Core/Src/system_stm32f1xx.o
 .debug_str     0x0009043c       0x67 ./Core/Startup/startup_stm32f103c8tx.o
 .debug_str     0x0009043c    0x82f6f ./Drivers/STM32F1xx_HAL_Driver/Src/stm32f1xx_hal_tim.o
 .debug_str     0x0009043c    0x8277b ./Drivers/STM32F1xx_HAL_Driver/Src/stm32f1xx_hal_tim_ex.o
 .debug_str     0x0009043c     0xabdd ./Middlewares/Third_Party/FreeRTOS/Source/list.o
 .debug_str     0x0009043c     0xc570 ./Middlewares/Third_Party/FreeRTOS/Source/queue.o
 .debug_str     0x0009043c     0xd297 ./Middlewares/Third_Party/FreeRTOS/Source/tasks.o
 .debug_str     0x0009043c     0xb802 ./Middlewares/Third_Party/FreeRTOS/Source/portable/GCC/ARM_CM3/port.o
 .debug_str     0x0009043c     0xb51f ./Middlewares/Third_Party/FreeRTOS/Source/portable/MemMang/heap_4.o

.comment        0x00000000       0x43
 .comment       0x00000000       0x43 ./Core/App/Src/app_crc16.o
                                 0x44 (size before relaxing)
 .comment       0x00000043       0x44 ./Core/App/Src/app_meta.o
 .comment       0x00000043       0x44 ./Core/App/Src/app_proto.o
 .comment       0x00000043       0x44 ./Core/App/Src/app_system.o
 .comment       0x00000043       0x44 ./Core/App/Src/app_tasks.o
 .comment       0x00000043       0x44 ./Core/App/Src/app_uart.o
 .comment       0x00000043       0x44 ./Core/Src/app.o
 .comment       0x00000043       0x44 ./Core/Src/freertos.o
 .comment       0x00000043       0x44 ./Core/Src/stm32f1xx_hal_timebase_tim.o
 .comment       0x00000043       0x44 ./Core/Src/stm32f1xx_it.o
 .comment       0x00000043       0x44 ./Core/Src/sysmem.o
 .comment       0x00000043       0x44 ./Core/Src/system_stm32f1xx.o
 .comment       0x00000043       0x44 ./Drivers/STM32F1xx_HAL_Driver/Src/stm32f1xx_hal_tim.o
 .comment       0x00000043       0x44 ./Drivers/STM32F1xx_HAL_Driver/Src/stm32f1xx_hal_tim_ex.o
 .comment       0x00000043       0x44 ./Middlewares/Third_Party/FreeRTOS/Source/list.o
 .comment       0x00000043       0x44 ./Middlewares/Third_Party/FreeRTOS/Source/queue.o
 .comment       0x00000043       0x44 ./Middlewares/Third_Party/FreeRTOS/Source/tasks.o
 .comment       0x00000043       0x44 ./Middlewares/Third_Party/FreeRTOS/Source/portable/GCC/ARM_CM3/port.o
 .comment       0x00000043       0x44 ./Middlewares/Third_Party/FreeRTOS/Source/portable/MemMang/heap_4.o

.debug_frame    0x00000000     0x33f0
 .debug_frame   0x00000000       0x38 ./Core/App/Src/app_crc16.o
 .debug_frame   0x00000038       0x3c ./Core/App/Src/app_meta.o
 .debug_frame   0x00000074       0xb4 ./Core/App/Src/app_proto.o
 .debug_frame   0x00000128       0x6c ./Core/App/Src/app_system.o
 .debug_frame   0x00000194       0xac ./Core/App/Src/app_tasks.o
 .debug_frame   0x00000240      0x23c ./Core/App/Src/app_uart.o
 .debug_frame   0x0000047c       0x30 ./Core/Src/app.o
 .debug_frame   0x000004ac       0x80 ./Core/Src/freertos.o
 .debug_frame   0x0000052c       0x74 ./Core/Src/stm32f1xx_hal_timebase_tim.o
 .debug_frame   0x000005a0       0xc4 ./Core/Src/stm32f1xx_it.o
 .debug_frame   0x00000664       0x34 ./Core/Src/sysmem.o
 .debug_frame   0x00000698       0x58 ./Core/Src/system_stm32f1xx.o
 .debug_frame   0x000006f0     0x11b8 ./Drivers/STM32F1xx_HAL_Driver/Src/stm32f1xx_hal_tim.o
 .debug_frame   0x000018a8      0x638 ./Drivers/STM32F1xx_HAL_Driver/Src/stm32f1xx_hal_tim_ex.o
 .debug_frame   0x00001ee0       0xd8 ./Middlewares/Third_Party/FreeRTOS/Source/list.o
 .debug_frame   0x00001fb8      0x46c ./Middlewares/Third_Party/FreeRTOS/Source/queue.o
 .debug_frame   0x00002424      0x77c ./Middlewares/Third_Party/FreeRTOS/Source/tasks.o
 .debug_frame   0x00002ba0      0x198 ./Middlewares/Third_Party/FreeRTOS/Source/portable/GCC/ARM_CM3/port.o
 .debug_frame   0x00002d38      0x12c ./Middlewares/Third_Party/FreeRTOS/Source/portable/MemMang/heap_4.o
 .debug_frame   0x00002e64      0x144 D:/STM32CubeIDE_1.16.0/STM32CubeIDE/plugins/com.st.stm32cube.ide.mcu.externaltools.gnu-tools-for-stm32.13.3.rel1.win32_1.0.0.202411081344/tools/bin/../lib/gcc/arm-none-eabi/13.3.1/../../../../arm-none-eabi/lib/thumb/v7-m/nofp\libc_nano.a(libc_a-findfp.o)
 .debug_frame   0x00002fa8       0x4c D:/STM32CubeIDE_1.16.0/STM32CubeIDE/plugins/com.st.stm32cube.ide.mcu.externaltools.gnu-tools-for-stm32.13.3.rel1.win32_1.0.0.202411081344/tools/bin/../lib/gcc/arm-none-eabi/13.3.1/../../../../arm-none-eabi/lib/thumb/v7-m/nofp\libc_nano.a(libc_a-vsnprintf.o)
 .debug_frame   0x00002ff4       0x20 D:/STM32CubeIDE_1.16.0/STM32CubeIDE/plugins/com.st.stm32cube.ide.mcu.externaltools.gnu-tools-for-stm32.13.3.rel1.win32_1.0.0.202411081344/tools/bin/../lib/gcc/arm-none-eabi/13.3.1/../../../../arm-none-eabi/lib/thumb/v7-m/nofp\libc_nano.a(libc_a-memset.o)
 .debug_frame   0x00003014       0x38 D:/STM32CubeIDE_1.16.0/STM32CubeIDE/plugins/com.st.stm32cube.ide.mcu.externaltools.gnu-tools-for-stm32.13.3.rel1.win32_1.0.0.202411081344/tools/bin/../lib/gcc/arm-none-eabi/13.3.1/../../../../arm-none-eabi/lib/thumb/v7-m/nofp\libc_nano.a(libc_a-reent.o)
 .debug_frame   0x0000304c       0x20 D:/STM32CubeIDE_1.16.0/STM32CubeIDE/plugins/com.st.stm32cube.ide.mcu.externaltools.gnu-tools-for-stm32.13.3.rel1.win32_1.0.0.202411081344/tools/bin/../lib/gcc/arm-none-eabi/13.3.1/../../../../arm-none-eabi/lib/thumb/v7-m/nofp\libc_nano.a(libc_a-errno.o)
 .debug_frame   0x0000306c       0x2c D:/STM32CubeIDE_1.16.0/STM32CubeIDE/plugins/com.st.stm32cube.ide.mcu.externaltools.gnu-tools-for-stm32.13.3.rel1.win32_1.0.0.202411081344/tools/bin/../lib/gcc/arm-none-eabi/13.3.1/../../../../arm-none-eabi/lib/thumb/v7-m/nofp\libc_nano.a(libc_a-init.o)
 .debug_frame   0x00003098       0xb0 D:/STM32CubeIDE_1.16.0/STM32CubeIDE/plugins/com.st.stm32cube.ide.mcu.externaltools.gnu-tools-for-stm32.13.3.rel1.win32_1.0.0.202411081344/tools/bin/../lib/gcc/arm-none-eabi/13.3.1/../../../../arm-none-eabi/lib/thumb/v7-m/nofp\libc_nano.a(libc_a-lock.o)
 .debug_frame   0x00003148       0x28 D:/STM32CubeIDE_1.16.0/STM32CubeIDE/plugins/com.st.stm32cube.ide.mcu.externaltools.gnu-tools-for-stm32.13.3.rel1.win32_1.0.0.202411081344/tools/bin/../lib/gcc/arm-none-eabi/13.3.1/../../../../arm-none-eabi/lib/thumb/v7-m/nofp\libc_nano.a(libc_a-memcpy-stub.o)
 .debug_frame   0x00003170       0x38 D:/STM32CubeIDE_1.16.0/STM32CubeIDE/plugins/com.st.stm32cube.ide.mcu.externaltools.gnu-tools-for-stm32.13.3.rel1.win32_1.0.0.202411081344/tools/bin/../lib/gcc/arm-none-eabi/13.3.1/../../../../arm-none-eabi/lib/thumb/v7-m/nofp\libc_nano.a(libc_a-freer.o)
 .debug_frame   0x000031a8       0x50 D:/STM32CubeIDE_1.16.0/STM32CubeIDE/plugins/com.st.stm32cube.ide.mcu.externaltools.gnu-tools-for-stm32.13.3.rel1.win32_1.0.0.202411081344/tools/bin/../lib/gcc/arm-none-eabi/13.3.1/../../../../arm-none-eabi/lib/thumb/v7-m/nofp\libc_nano.a(libc_a-mallocr.o)
 .debug_frame   0x000031f8       0x30 D:/STM32CubeIDE_1.16.0/STM32CubeIDE/plugins/com.st.stm32cube.ide.mcu.externaltools.gnu-tools-for-stm32.13.3.rel1.win32_1.0.0.202411081344/tools/bin/../lib/gcc/arm-none-eabi/13.3.1/../../../../arm-none-eabi/lib/thumb/v7-m/nofp\libc_nano.a(libc_a-mlock.o)
 .debug_frame   0x00003228       0x90 D:/STM32CubeIDE_1.16.0/STM32CubeIDE/plugins/com.st.stm32cube.ide.mcu.externaltools.gnu-tools-for-stm32.13.3.rel1.win32_1.0.0.202411081344/tools/bin/../lib/gcc/arm-none-eabi/13.3.1/../../../../arm-none-eabi/lib/thumb/v7-m/nofp\libc_nano.a(libc_a-nano-svfprintf.o)
 .debug_frame   0x000032b8       0x60 D:/STM32CubeIDE_1.16.0/STM32CubeIDE/plugins/com.st.stm32cube.ide.mcu.externaltools.gnu-tools-for-stm32.13.3.rel1.win32_1.0.0.202411081344/tools/bin/../lib/gcc/arm-none-eabi/13.3.1/../../../../arm-none-eabi/lib/thumb/v7-m/nofp\libc_nano.a(libc_a-nano-vfprintf_i.o)
 .debug_frame   0x00003318       0x28 D:/STM32CubeIDE_1.16.0/STM32CubeIDE/plugins/com.st.stm32cube.ide.mcu.externaltools.gnu-tools-for-stm32.13.3.rel1.win32_1.0.0.202411081344/tools/bin/../lib/gcc/arm-none-eabi/13.3.1/../../../../arm-none-eabi/lib/thumb/v7-m/nofp\libc_nano.a(libc_a-memmove.o)
 .debug_frame   0x00003340       0x2c D:/STM32CubeIDE_1.16.0/STM32CubeIDE/plugins/com.st.stm32cube.ide.mcu.externaltools.gnu-tools-for-stm32.13.3.rel1.win32_1.0.0.202411081344/tools/bin/../lib/gcc/arm-none-eabi/13.3.1/../../../../arm-none-eabi/lib/thumb/v7-m/nofp\libc_nano.a(libc_a-sbrkr.o)
 .debug_frame   0x0000336c       0x28 D:/STM32CubeIDE_1.16.0/STM32CubeIDE/plugins/com.st.stm32cube.ide.mcu.externaltools.gnu-tools-for-stm32.13.3.rel1.win32_1.0.0.202411081344/tools/bin/../lib/gcc/arm-none-eabi/13.3.1/../../../../arm-none-eabi/lib/thumb/v7-m/nofp\libc_nano.a(libc_a-memchr-stub.o)
 .debug_frame   0x00003394       0x3c D:/STM32CubeIDE_1.16.0/STM32CubeIDE/plugins/com.st.stm32cube.ide.mcu.externaltools.gnu-tools-for-stm32.13.3.rel1.win32_1.0.0.202411081344/tools/bin/../lib/gcc/arm-none-eabi/13.3.1/../../../../arm-none-eabi/lib/thumb/v7-m/nofp\libc_nano.a(libc_a-reallocr.o)
 .debug_frame   0x000033d0       0x20 D:/STM32CubeIDE_1.16.0/STM32CubeIDE/plugins/com.st.stm32cube.ide.mcu.externaltools.gnu-tools-for-stm32.13.3.rel1.win32_1.0.0.202411081344/tools/bin/../lib/gcc/arm-none-eabi/13.3.1/../../../../arm-none-eabi/lib/thumb/v7-m/nofp\libc_nano.a(libc_a-msizer.o)

.debug_line_str
                0x00000000       0x4b
 .debug_line_str
                0x00000000       0x4b ./Core/Startup/startup_stm32f103c8tx.o
