../Core/Inc/boot.h:132:19:within_app_region	16	static
../Core/Src/flash.c:8:20:flash_wait	4	static
../Core/Src/flash.c:12:6:flash_unlock	4	static
../Core/Src/flash.c:18:6:flash_lock	4	static
../Core/Src/flash.c:22:5:flash_wait_busy	8	static
../Core/Src/flash.c:32:5:flash_erase_page	16	static
../Core/Src/flash.c:47:5:flash_write_halfword	16	static
../Core/Src/flash.c:64:19:within_meta_region	24	static
../Core/Src/flash.c:71:5:flash_write	32	static
../Core/Src/flash.c:95:5:flash_erase_app_region	32	static
