14:29:07 **** Incremental Build of configuration Debug for project stm32_app ****
make -j12 all 
arm-none-eabi-gcc "../Core/Src/app.c" -mcpu=cortex-m3 -std=gnu11 -g3 -DDEBUG -DUSE_HAL_DRIVER -DSTM32F103xB -c -I../Core/Inc -I../Drivers/STM32F1xx_HAL_Driver/Inc/Legacy -I../Drivers/STM32F1xx_HAL_Driver/Inc -I../Drivers/CMSIS/Device/ST/STM32F1xx/Include -I../Drivers/CMSIS/Include -O0 -ffunction-sections -fdata-sections -Wall -fstack-usage -fcyclomatic-complexity -MMD -MP -MF"Core/Src/app.d" -MT"Core/Src/app.o" --specs=nano.specs -mfloat-abi=soft -mthumb -o "Core/Src/app.o"
arm-none-eabi-gcc -o "stm32_app.elf" @"objects.list"   -mcpu=cortex-m3 -T"D:\bootloaderF1\stm32_app\STM32F103C8TX_FLASH.ld" --specs=nosys.specs -Wl,-Map="stm32_app.map" -Wl,--gc-sections -static --specs=nano.specs -mfloat-abi=soft -mthumb -Wl,--start-group -lc -lm -Wl,--end-group
Finished building target: stm32_app.elf
 
arm-none-eabi-size  stm32_app.elf 
arm-none-eabi-objdump -h -S stm32_app.elf  > "stm32_app.list"
   text	   data	    bss	    dec	    hex	filename
   2592	      0	   1568	   4160	   1040	stm32_app.elf
arm-none-eabi-objcopy  -O binary stm32_app.elf  "stm32_app.bin"
Finished building: default.size.stdout
 
Finished building: stm32_app.list
Finished building: stm32_app.bin
 
 

14:29:09 Build Finished. 0 errors, 0 warnings. (took 1s.486ms)

